
> vite_react_shadcn_ts@1.2.0 build
> vite build

[36mvite v7.3.0 [32mbuilding client environment for production...[36m[39m
transforming...
[32mΓ£ô[39m 4569 modules transformed.
rendering chunks...
computing gzip size...
[2mdist/[22m[32mregisterSW.js                                           [39m[1m[2m  0.13 kB[22m[1m[22m
[2mdist/[22m[32mmanifest.webmanifest                                    [39m[1m[2m  0.52 kB[22m[1m[22m
[2mdist/[22m[32mindex.html                                              [39m[1m[2m  3.32 kB[22m[1m[22m[2m Γöé gzip:   0.99 kB[22m
[2mdist/[22m[35massets/index-Z0Ll51YR.css                               [39m[1m[2m139.93 kB[22m[1m[22m[2m Γöé gzip:  22.63 kB[22m
[2mdist/[22m[36massets/collapsible-UJHWBc27.js                          [39m[1m[2m  0.10 kB[22m[1m[22m[2m Γöé gzip:   0.11 kB[22m
[2mdist/[22m[36massets/skeleton-CZ4iNNRd.js                             [39m[1m[2m  0.20 kB[22m[1m[22m[2m Γöé gzip:   0.18 kB[22m
[2mdist/[22m[36massets/useReducedMotion-D32JSjmY.js                     [39m[1m[2m  0.31 kB[22m[1m[22m[2m Γöé gzip:   0.23 kB[22m
[2mdist/[22m[36massets/useActivityLog-CJ0tGfdZ.js                       [39m[1m[2m  0.51 kB[22m[1m[22m[2m Γöé gzip:   0.34 kB[22m
[2mdist/[22m[36massets/useFocusTrap-Bem4P5RJ.js                         [39m[1m[2m  0.54 kB[22m[1m[22m[2m Γöé gzip:   0.35 kB[22m
[2mdist/[22m[36massets/textarea-DzY6SyWk.js                             [39m[1m[2m  0.54 kB[22m[1m[22m[2m Γöé gzip:   0.35 kB[22m
[2mdist/[22m[36massets/NotFound-BHoPW7Nm.js                             [39m[1m[2m  0.60 kB[22m[1m[22m[2m Γöé gzip:   0.36 kB[22m
[2mdist/[22m[36massets/label-2mbwL3Jt.js                                [39m[1m[2m  0.62 kB[22m[1m[22m[2m Γöé gzip:   0.40 kB[22m
[2mdist/[22m[36massets/input-NKkcCjQ4.js                                [39m[1m[2m  0.64 kB[22m[1m[22m[2m Γöé gzip:   0.39 kB[22m
[2mdist/[22m[36massets/separator-BUFeV1za.js                            [39m[1m[2m  0.73 kB[22m[1m[22m[2m Γöé gzip:   0.43 kB[22m
[2mdist/[22m[36massets/lazy-chart-CZgP9eAp.js                           [39m[1m[2m  0.75 kB[22m[1m[22m[2m Γöé gzip:   0.46 kB[22m
[2mdist/[22m[36massets/useVitalSigns-moGGfO07.js                        [39m[1m[2m  0.78 kB[22m[1m[22m[2m Γöé gzip:   0.46 kB[22m
[2mdist/[22m[36massets/popover-D9_qOMtn.js                              [39m[1m[2m  0.80 kB[22m[1m[22m[2m Γöé gzip:   0.43 kB[22m
[2mdist/[22m[36massets/ScrollProgress-CwicIAOX.js                       [39m[1m[2m  0.86 kB[22m[1m[22m[2m Γöé gzip:   0.54 kB[22m
[2mdist/[22m[36massets/rateLimitBackoff-CqCdBZVY.js                     [39m[1m[2m  1.00 kB[22m[1m[22m[2m Γöé gzip:   0.57 kB[22m
[2mdist/[22m[36massets/alert-C-203BgN.js                                [39m[1m[2m  1.01 kB[22m[1m[22m[2m Γöé gzip:   0.51 kB[22m
[2mdist/[22m[36massets/card-BDcklEHa.js                                 [39m[1m[2m  1.07 kB[22m[1m[22m[2m Γöé gzip:   0.41 kB[22m
[2mdist/[22m[36massets/tabs-CbqI7Tml.js                                 [39m[1m[2m  1.14 kB[22m[1m[22m[2m Γöé gzip:   0.49 kB[22m
[2mdist/[22m[36massets/queryColumns-CSLoWNDe.js                         [39m[1m[2m  1.22 kB[22m[1m[22m[2m Γöé gzip:   0.54 kB[22m
[2mdist/[22m[36massets/CursorTrail-DuzrNXvY.js                          [39m[1m[2m  1.29 kB[22m[1m[22m[2m Γöé gzip:   0.67 kB[22m
[2mdist/[22m[36massets/StatsCard-BZk6fN1v.js                            [39m[1m[2m  1.44 kB[22m[1m[22m[2m Γöé gzip:   0.61 kB[22m
[2mdist/[22m[36massets/table-D7Bl97fO.js                                [39m[1m[2m  1.53 kB[22m[1m[22m[2m Γöé gzip:   0.54 kB[22m
[2mdist/[22m[36massets/badge-W6gHPJom.js                                [39m[1m[2m  1.62 kB[22m[1m[22m[2m Γöé gzip:   0.62 kB[22m
[2mdist/[22m[36massets/useLabOrders-C16yCNLm.js                         [39m[1m[2m  1.75 kB[22m[1m[22m[2m Γöé gzip:   0.71 kB[22m
[2mdist/[22m[36massets/progress-BMEJtu-S.js                             [39m[1m[2m  1.80 kB[22m[1m[22m[2m Γöé gzip:   0.89 kB[22m
[2mdist/[22m[36massets/FloatingCTA-CvE44kYw.js                          [39m[1m[2m  1.92 kB[22m[1m[22m[2m Γöé gzip:   0.94 kB[22m
[2mdist/[22m[36massets/usePatients-btMtVlcr.js                          [39m[1m[2m  2.12 kB[22m[1m[22m[2m Γöé gzip:   0.82 kB[22m
[2mdist/[22m[36massets/index-DurJ_gbv.js                                [39m[1m[2m  2.19 kB[22m[1m[22m[2m Γöé gzip:   0.98 kB[22m
[2mdist/[22m[36massets/pagination-zIKrHQqA.js                           [39m[1m[2m  2.36 kB[22m[1m[22m[2m Γöé gzip:   1.07 kB[22m
[2mdist/[22m[36massets/switch-CcyAEHlB.js                               [39m[1m[2m  2.50 kB[22m[1m[22m[2m Γöé gzip:   1.24 kB[22m
[2mdist/[22m[36massets/LogoCarousel-CE9GVW5s.js                         [39m[1m[2m  2.62 kB[22m[1m[22m[2m Γöé gzip:   1.21 kB[22m
[2mdist/[22m[36massets/useMedications-B0XAPLsm.js                       [39m[1m[2m  2.70 kB[22m[1m[22m[2m Γöé gzip:   0.91 kB[22m
[2mdist/[22m[36massets/usePrescriptions-mgGbqB9z.js                     [39m[1m[2m  2.75 kB[22m[1m[22m[2m Γöé gzip:   1.04 kB[22m
[2mdist/[22m[36massets/usePatientPortal-DgwzW5KJ.js                     [39m[1m[2m  2.76 kB[22m[1m[22m[2m Γöé gzip:   0.65 kB[22m
[2mdist/[22m[36massets/form-DX4_EfIP.js                                 [39m[1m[2m  2.80 kB[22m[1m[22m[2m Γöé gzip:   1.24 kB[22m
[2mdist/[22m[36massets/UrgencyBanner-DjiZV5Rg.js                        [39m[1m[2m  2.87 kB[22m[1m[22m[2m Γöé gzip:   1.21 kB[22m
[2mdist/[22m[36massets/SocialProofPopup-wq4XzHIn.js                     [39m[1m[2m  2.93 kB[22m[1m[22m[2m Γöé gzip:   1.28 kB[22m
[2mdist/[22m[36massets/MetricsSection-GXnkwL3G.js                       [39m[1m[2m  2.96 kB[22m[1m[22m[2m Γöé gzip:   1.39 kB[22m
[2mdist/[22m[36massets/dialog-BmYDWWTb.js                               [39m[1m[2m  2.99 kB[22m[1m[22m[2m Γöé gzip:   1.20 kB[22m
[2mdist/[22m[36massets/select-BwVVMMGO.js                               [39m[1m[2m  3.00 kB[22m[1m[22m[2m Γöé gzip:   1.10 kB[22m
[2mdist/[22m[36massets/useNurseWorkflow-B2LNoaeR.js                     [39m[1m[2m  3.04 kB[22m[1m[22m[2m Γöé gzip:   0.88 kB[22m
[2mdist/[22m[36massets/avatar-ByoGFzyx.js                               [39m[1m[2m  3.05 kB[22m[1m[22m[2m Γöé gzip:   1.35 kB[22m
[2mdist/[22m[36massets/useQueue-BBHCGTGU.js                             [39m[1m[2m  3.09 kB[22m[1m[22m[2m Γöé gzip:   1.17 kB[22m
[2mdist/[22m[36massets/useStaffInvitations-CoNiOX-u.js                  [39m[1m[2m  3.10 kB[22m[1m[22m[2m Γöé gzip:   1.02 kB[22m
[2mdist/[22m[36massets/useWorkflowOrchestrator-D7_5i2tv.js              [39m[1m[2m  3.11 kB[22m[1m[22m[2m Γöé gzip:   1.30 kB[22m
[2mdist/[22m[36massets/useWorkflowAutomation-Cp5A_hF1.js                [39m[1m[2m  3.49 kB[22m[1m[22m[2m Γöé gzip:   1.15 kB[22m
[2mdist/[22m[36massets/dropdown-menu-C4XZcZCP.js                        [39m[1m[2m  3.49 kB[22m[1m[22m[2m Γöé gzip:   0.96 kB[22m
[2mdist/[22m[36massets/useDoctorAvailability-DXDNCr8w.js                [39m[1m[2m  3.77 kB[22m[1m[22m[2m Γöé gzip:   1.35 kB[22m
[2mdist/[22m[36massets/useBilling-B8N4525s.js                           [39m[1m[2m  3.84 kB[22m[1m[22m[2m Γöé gzip:   1.41 kB[22m
[2mdist/[22m[36massets/checkbox-B3HKvda7.js                             [39m[1m[2m  3.91 kB[22m[1m[22m[2m Γöé gzip:   1.70 kB[22m
[2mdist/[22m[36massets/NurseCareProtocolsPage-BTrH0ntv.js               [39m[1m[2m  3.92 kB[22m[1m[22m[2m Γöé gzip:   1.53 kB[22m
[2mdist/[22m[36massets/useAppointments-C1nwwjhV.js                      [39m[1m[2m  3.93 kB[22m[1m[22m[2m Γöé gzip:   1.31 kB[22m
[2mdist/[22m[36massets/useSecureMessaging-DabsZ1Jo.js                   [39m[1m[2m  3.95 kB[22m[1m[22m[2m Γöé gzip:   1.30 kB[22m
[2mdist/[22m[36massets/usePharmacyLabStats-TKO6g9ok.js                  [39m[1m[2m  3.98 kB[22m[1m[22m[2m Γöé gzip:   1.08 kB[22m
[2mdist/[22m[36massets/EnhancedFooter-BbxK8YeN.js                       [39m[1m[2m  4.17 kB[22m[1m[22m[2m Γöé gzip:   1.47 kB[22m
[2mdist/[22m[36massets/ForgotPasswordPage-Dgp67o0A.js                   [39m[1m[2m  4.18 kB[22m[1m[22m[2m Γöé gzip:   1.62 kB[22m
[2mdist/[22m[36massets/SmartSchedulerPage-DhS7_iFM.js                   [39m[1m[2m  4.35 kB[22m[1m[22m[2m Γöé gzip:   1.69 kB[22m
[2mdist/[22m[36massets/alert-dialog-DObn_BB0.js                         [39m[1m[2m  4.66 kB[22m[1m[22m[2m Γöé gzip:   1.68 kB[22m
[2mdist/[22m[36massets/useWorkflowNotifications-B9QFC3u6.js             [39m[1m[2m  4.76 kB[22m[1m[22m[2m Γöé gzip:   1.21 kB[22m
[2mdist/[22m[36massets/PatientLabResultsPage-BGf7jtHG.js                [39m[1m[2m  4.86 kB[22m[1m[22m[2m Γöé gzip:   1.53 kB[22m
[2mdist/[22m[36massets/useAppointmentRequests-Cx_YBnTp.js               [39m[1m[2m  4.92 kB[22m[1m[22m[2m Γöé gzip:   1.48 kB[22m
[2mdist/[22m[36massets/useRefillRequests-CdHHuU-x.js                    [39m[1m[2m  5.05 kB[22m[1m[22m[2m Γöé gzip:   1.34 kB[22m
[2mdist/[22m[36massets/QuickAccessPage-HjAmCoQ5.js                      [39m[1m[2m  5.08 kB[22m[1m[22m[2m Γöé gzip:   1.95 kB[22m
[2mdist/[22m[36massets/useDataProtection-CeQaKtR5.js                    [39m[1m[2m  5.46 kB[22m[1m[22m[2m Γöé gzip:   2.04 kB[22m
[2mdist/[22m[36massets/HeroDashboardMockup-BW1s5laH.js                  [39m[1m[2m  5.76 kB[22m[1m[22m[2m Γöé gzip:   1.67 kB[22m
[2mdist/[22m[36massets/DoctorMessagesPage-BKClHaDj.js                   [39m[1m[2m  5.90 kB[22m[1m[22m[2m Γöé gzip:   2.25 kB[22m
[2mdist/[22m[36massets/ResetPasswordPage-CztY4quF.js                    [39m[1m[2m  6.01 kB[22m[1m[22m[2m Γöé gzip:   2.03 kB[22m
[2mdist/[22m[36massets/ProfileSetupPage-CUL5A3T-.js                     [39m[1m[2m  6.18 kB[22m[1m[22m[2m Γöé gzip:   2.16 kB[22m
[2mdist/[22m[36massets/PricingSection-CrvTS7vx.js                       [39m[1m[2m  6.26 kB[22m[1m[22m[2m Γöé gzip:   2.48 kB[22m
[2mdist/[22m[36massets/ConsultationsPage-cXWL1ikK.js                    [39m[1m[2m  6.35 kB[22m[1m[22m[2m Γöé gzip:   2.14 kB[22m
[2mdist/[22m[36massets/PatientLoginPage-DiU-BHl6.js                     [39m[1m[2m  6.60 kB[22m[1m[22m[2m Γöé gzip:   2.37 kB[22m
[2mdist/[22m[36massets/PatientPrescriptionsPage-BbdsCfzY.js             [39m[1m[2m  6.71 kB[22m[1m[22m[2m Γöé gzip:   2.26 kB[22m
[2mdist/[22m[36massets/JoinPage-CChskgMW.js                             [39m[1m[2m  7.52 kB[22m[1m[22m[2m Γöé gzip:   2.57 kB[22m
[2mdist/[22m[36massets/PatientMessagesPage-CyRH1Zmz.js                  [39m[1m[2m  7.59 kB[22m[1m[22m[2m Γöé gzip:   2.70 kB[22m
[2mdist/[22m[36massets/security-DUsRRXMh.js                             [39m[1m[2m  7.60 kB[22m[1m[22m[2m Γöé gzip:   2.74 kB[22m
[2mdist/[22m[36massets/TreatmentPlanOptimizationPage-B2BL7S8c.js        [39m[1m[2m  7.74 kB[22m[1m[22m[2m Γöé gzip:   2.15 kB[22m
[2mdist/[22m[36massets/PredictiveAnalyticsPage-BHZ9mHtA.js              [39m[1m[2m  7.75 kB[22m[1m[22m[2m Γöé gzip:   2.16 kB[22m
[2mdist/[22m[36massets/ClinicalPharmacyPage-BXod9tF0.js                 [39m[1m[2m  8.09 kB[22m[1m[22m[2m Γöé gzip:   1.97 kB[22m
[2mdist/[22m[36massets/NotificationsPage-BrwRqOAZ.js                    [39m[1m[2m  8.31 kB[22m[1m[22m[2m Γöé gzip:   2.70 kB[22m
[2mdist/[22m[36massets/HospitalSettingsPage-CmKsCnCJ.js                 [39m[1m[2m  8.66 kB[22m[1m[22m[2m Γöé gzip:   2.53 kB[22m
[2mdist/[22m[36massets/AccountSetupPage-BxpuwMJm.js                     [39m[1m[2m  8.98 kB[22m[1m[22m[2m Γöé gzip:   2.64 kB[22m
[2mdist/[22m[36massets/PatientMedicalHistoryPage-D6UtDY_K.js            [39m[1m[2m  9.01 kB[22m[1m[22m[2m Γöé gzip:   1.99 kB[22m
[2mdist/[22m[36massets/EnhancedTaskManagement-CN8iGan5.js               [39m[1m[2m  9.01 kB[22m[1m[22m[2m Γöé gzip:   2.87 kB[22m
[2mdist/[22m[36massets/ActivityLogsPage-DJw_AKKc.js                     [39m[1m[2m  9.05 kB[22m[1m[22m[2m Γöé gzip:   3.30 kB[22m
[2mdist/[22m[36massets/DoctorDashboard-DAZFN5ZS.js                      [39m[1m[2m  9.25 kB[22m[1m[22m[2m Γöé gzip:   3.05 kB[22m
[2mdist/[22m[36massets/StaffPerformancePage-B47yGZ4l.js                 [39m[1m[2m  9.33 kB[22m[1m[22m[2m Γöé gzip:   2.43 kB[22m
[2mdist/[22m[36massets/Dashboard-Cgnl32-8.js                            [39m[1m[2m  9.39 kB[22m[1m[22m[2m Γöé gzip:   3.44 kB[22m
[2mdist/[22m[36massets/PatientProfilePage-CEx2zcRB.js                   [39m[1m[2m  9.49 kB[22m[1m[22m[2m Γöé gzip:   3.06 kB[22m
[2mdist/[22m[36massets/LoginPage-JMpDJ_0d.js                            [39m[1m[2m  9.94 kB[22m[1m[22m[2m Γöé gzip:   3.21 kB[22m
[2mdist/[22m[36massets/FAQSection-A9-V2HxR.js                           [39m[1m[2m 10.02 kB[22m[1m[22m[2m Γöé gzip:   4.01 kB[22m
[2mdist/[22m[36massets/SchedulingPage-B4gLAd9s.js                       [39m[1m[2m 10.05 kB[22m[1m[22m[2m Γöé gzip:   3.03 kB[22m
[2mdist/[22m[36massets/AdminRoleSetupPage-Bl6SFqvs.js                   [39m[1m[2m 10.22 kB[22m[1m[22m[2m Γöé gzip:   3.34 kB[22m
[2mdist/[22m[36massets/UserProfilePage-BtcqUDrW.js                      [39m[1m[2m 10.89 kB[22m[1m[22m[2m Γöé gzip:   3.46 kB[22m
[2mdist/[22m[36massets/MobileConsultationPage-BH5nZflJ.js               [39m[1m[2m 10.90 kB[22m[1m[22m[2m Γöé gzip:   3.78 kB[22m
[2mdist/[22m[36massets/PharmacistDashboard-BVHwhGWV.js                  [39m[1m[2m 11.03 kB[22m[1m[22m[2m Γöé gzip:   3.23 kB[22m
[2mdist/[22m[36massets/PatientAppointmentsPage-Bw7RPCjB.js              [39m[1m[2m 11.83 kB[22m[1m[22m[2m Γöé gzip:   3.07 kB[22m
[2mdist/[22m[36massets/BillingPage-BT7dRerA.js                          [39m[1m[2m 12.10 kB[22m[1m[22m[2m Γöé gzip:   3.51 kB[22m
[2mdist/[22m[36massets/SystemMonitoringPage-BZA3gbJx.js                 [39m[1m[2m 12.22 kB[22m[1m[22m[2m Γöé gzip:   3.15 kB[22m
[2mdist/[22m[36massets/scroll-area-DZBtPosR.js                          [39m[1m[2m 12.38 kB[22m[1m[22m[2m Γöé gzip:   3.89 kB[22m
[2mdist/[22m[36massets/PredictiveAnalyticsEngine-F3tqT3Gn.js            [39m[1m[2m 12.48 kB[22m[1m[22m[2m Γöé gzip:   3.25 kB[22m
[2mdist/[22m[36massets/CPTCodeMapper-Brx1Fk1A.js                        [39m[1m[2m 13.25 kB[22m[1m[22m[2m Γöé gzip:   4.32 kB[22m
[2mdist/[22m[36massets/SignupPage-eVq8hDaW.js                           [39m[1m[2m 13.32 kB[22m[1m[22m[2m Γöé gzip:   3.52 kB[22m
[2mdist/[22m[36massets/StaffPerformanceMetrics-BYQWuCWa.js              [39m[1m[2m 13.54 kB[22m[1m[22m[2m Γöé gzip:   3.84 kB[22m
[2mdist/[22m[36massets/AIDemoPage-C9tzaElG.js                           [39m[1m[2m 13.61 kB[22m[1m[22m[2m Γöé gzip:   3.77 kB[22m
[2mdist/[22m[36massets/TreatmentPlanOptimizationEngine-BpcNJGFw.js      [39m[1m[2m 13.71 kB[22m[1m[22m[2m Γöé gzip:   3.42 kB[22m
[2mdist/[22m[36massets/PatientRegisterPage-Bs6NZmrc.js                  [39m[1m[2m 13.97 kB[22m[1m[22m[2m Γöé gzip:   3.83 kB[22m
[2mdist/[22m[36massets/LabTechDashboard-BR5U9ClQ.js                     [39m[1m[2m 14.61 kB[22m[1m[22m[2m Γöé gzip:   4.08 kB[22m
[2mdist/[22m[36massets/SuppliersPage-HlvH9g-z.js                        [39m[1m[2m 15.42 kB[22m[1m[22m[2m Γöé gzip:   4.35 kB[22m
[2mdist/[22m[36massets/PatientDashboard-D8eYSlK5.js                     [39m[1m[2m 15.48 kB[22m[1m[22m[2m Γöé gzip:   3.77 kB[22m
[2mdist/[22m[36massets/LaboratoryPage-BsLoot8P.js                       [39m[1m[2m 16.20 kB[22m[1m[22m[2m Γöé gzip:   5.44 kB[22m
[2mdist/[22m[36massets/DifferentialDiagnosisPage-DSXNRlYv.js            [39m[1m[2m 16.62 kB[22m[1m[22m[2m Γöé gzip:   4.55 kB[22m
[2mdist/[22m[36massets/ClinicalServices-C0Q7hAJG.js                     [39m[1m[2m 17.26 kB[22m[1m[22m[2m Γöé gzip:   3.42 kB[22m
[2mdist/[22m[36massets/TreatmentRecommendationsPage-BIGiRSWu.js         [39m[1m[2m 17.28 kB[22m[1m[22m[2m Γöé gzip:   4.19 kB[22m
[2mdist/[22m[36massets/PharmacyPage-DWRh81O1.js                         [39m[1m[2m 17.94 kB[22m[1m[22m[2m Γöé gzip:   4.48 kB[22m
[2mdist/[22m[36massets/AppointmentsPage-BSGM_PFS.js                     [39m[1m[2m 18.26 kB[22m[1m[22m[2m Γöé gzip:   5.26 kB[22m
[2mdist/[22m[36massets/InventoryPage-Bihjtg8z.js                        [39m[1m[2m 18.35 kB[22m[1m[22m[2m Γöé gzip:   4.66 kB[22m
[2mdist/[22m[36massets/LengthOfStayForecastingPage-CR2RNS2r.js          [39m[1m[2m 18.48 kB[22m[1m[22m[2m Γöé gzip:   4.20 kB[22m
[2mdist/[22m[36massets/PatientsPage-B93OTkAG.js                         [39m[1m[2m 18.98 kB[22m[1m[22m[2m Γöé gzip:   4.97 kB[22m
[2mdist/[22m[36massets/WorkflowOptimizationPage-DN2Zq1HO.js             [39m[1m[2m 19.47 kB[22m[1m[22m[2m Γöé gzip:   4.82 kB[22m
[2mdist/[22m[36massets/RecordVitalsModal-DaUbwoZD.js                    [39m[1m[2m 20.25 kB[22m[1m[22m[2m Γöé gzip:   5.49 kB[22m
[2mdist/[22m[36massets/router-C6WfCAaO.js                               [39m[1m[2m 20.98 kB[22m[1m[22m[2m Γöé gzip:   7.78 kB[22m
[2mdist/[22m[36massets/utils-Bmne0XXo.js                                [39m[1m[2m 21.46 kB[22m[1m[22m[2m Γöé gzip:   6.96 kB[22m
[2mdist/[22m[36massets/StaffManagementPage-By24-Bl6.js                  [39m[1m[2m 21.46 kB[22m[1m[22m[2m Γöé gzip:   5.71 kB[22m
[2mdist/[22m[36massets/WorkflowTabs-fdXYqr_S.js                         [39m[1m[2m 21.69 kB[22m[1m[22m[2m Γöé gzip:   5.09 kB[22m
[2mdist/[22m[36massets/TelemedicinePage-dXg4M_-5.js                     [39m[1m[2m 22.12 kB[22m[1m[22m[2m Γöé gzip:   6.25 kB[22m
[2mdist/[22m[36massets/StartConsultationModal-CddkN7px.js               [39m[1m[2m 22.51 kB[22m[1m[22m[2m Γöé gzip:   7.20 kB[22m
[2mdist/[22m[36massets/ResourceUtilizationOptimizationPage-BuK4OmmB.js  [39m[1m[2m 23.59 kB[22m[1m[22m[2m Γöé gzip:   4.97 kB[22m
[2mdist/[22m[36massets/dates-BhsokwnW.js                                [39m[1m[2m 26.91 kB[22m[1m[22m[2m Γöé gzip:   7.85 kB[22m
[2mdist/[22m[36massets/DashboardLayout-DFL9s2HG.js                      [39m[1m[2m 30.68 kB[22m[1m[22m[2m Γöé gzip:   8.60 kB[22m
[2mdist/[22m[36massets/LabAutomationPage-B0m3vZpd.js                    [39m[1m[2m 31.34 kB[22m[1m[22m[2m Γöé gzip:   6.94 kB[22m
[2mdist/[22m[36massets/calendar-Pu6K4RAK.js                             [39m[1m[2m 32.08 kB[22m[1m[22m[2m Γöé gzip:  10.02 kB[22m
[2mdist/[22m[36massets/WorkflowDashboard-K4sw5k8i.js                    [39m[1m[2m 34.10 kB[22m[1m[22m[2m Γöé gzip:   7.05 kB[22m
[2mdist/[22m[36massets/ReportsPage-DoE8PTaX.js                          [39m[1m[2m 35.57 kB[22m[1m[22m[2m Γöé gzip:   8.12 kB[22m
[2mdist/[22m[36massets/tanstack-DolX6C0b.js                             [39m[1m[2m 36.30 kB[22m[1m[22m[2m Γöé gzip:  10.77 kB[22m
[2mdist/[22m[36massets/EnhancedPortalPage-D5OGzpGs.js                   [39m[1m[2m 36.51 kB[22m[1m[22m[2m Γöé gzip:   8.76 kB[22m
[2mdist/[22m[36massets/QueueManagementPage-CL_X9fB4.js                  [39m[1m[2m 38.28 kB[22m[1m[22m[2m Γöé gzip:   8.82 kB[22m
[2mdist/[22m[36massets/icons-DgaKYPZ1.js                                [39m[1m[2m 40.50 kB[22m[1m[22m[2m Γöé gzip:  12.63 kB[22m
[2mdist/[22m[36massets/LandingPage-BD2dB3y0.js                          [39m[1m[2m 50.30 kB[22m[1m[22m[2m Γöé gzip:  14.29 kB[22m
[2mdist/[22m[36massets/NurseDashboard-BZB3M1NL.js                       [39m[1m[2m 54.35 kB[22m[1m[22m[2m Γöé gzip:  13.51 kB[22m
[2mdist/[22m[36massets/TestingDashboardPage-D20Px5fm.js                 [39m[1m[2m 54.46 kB[22m[1m[22m[2m Γöé gzip:  12.51 kB[22m
[2mdist/[22m[36massets/AdminDashboard-3r39oDvd.js                       [39m[1m[2m 76.01 kB[22m[1m[22m[2m Γöé gzip:  18.53 kB[22m
[2mdist/[22m[36massets/forms-DWZKde_F.js                                [39m[1m[2m 79.34 kB[22m[1m[22m[2m Γöé gzip:  21.13 kB[22m
[2mdist/[22m[36massets/ConsultationWorkflowPage-DL6F72Or.js             [39m[1m[2m 80.63 kB[22m[1m[22m[2m Γöé gzip:  20.52 kB[22m
[2mdist/[22m[36massets/DocumentsPage-WJhVPn2S.js                        [39m[1m[2m 82.69 kB[22m[1m[22m[2m Γöé gzip:  22.60 kB[22m
[2mdist/[22m[36massets/ReceptionistDashboard-DZyVvfHJ.js                [39m[1m[2m107.90 kB[22m[1m[22m[2m Γöé gzip:  23.02 kB[22m
[2mdist/[22m[36massets/ui-BTQPqAWn.js                                   [39m[1m[2m121.05 kB[22m[1m[22m[2m Γöé gzip:  37.24 kB[22m
[2mdist/[22m[36massets/motion-CWzceq65.js                               [39m[1m[2m123.88 kB[22m[1m[22m[2m Γöé gzip:  40.15 kB[22m
[2mdist/[22m[36massets/vendor-BxThA0WO.js                               [39m[1m[2m139.10 kB[22m[1m[22m[2m Γöé gzip:  44.90 kB[22m
[2mdist/[22m[36massets/VoiceClinicalNotesPage-thwUUwfz.js               [39m[1m[2m150.77 kB[22m[1m[22m[2m Γöé gzip:  35.13 kB[22m
[2mdist/[22m[36massets/supabase-zuXxUlNY.js                             [39m[1m[2m167.43 kB[22m[1m[22m[2m Γöé gzip:  41.57 kB[22m
[2mdist/[22m[36massets/useAI-8-aibAyx.js                                [39m[1m[2m180.99 kB[22m[1m[22m[2m Γöé gzip:  48.20 kB[22m
[2mdist/[22m[36massets/index-DKHii2jX.js                                [39m[1m[2m199.60 kB[22m[1m[22m[2m Γöé gzip:  57.13 kB[22m
[2mdist/[22m[36massets/charts-CSZRz1J5.js                               [39m[1m[2m501.31 kB[22m[1m[22m[2m Γöé gzip: 125.51 kB[22m
[32mΓ£ô built in 1m 23s[39m

PWA v1.2.0
mode      generateSW
precache  167 entries (3586.87 KiB)
files generated
  dist/sw.js
  dist/workbox-354287e6.js
