
> vite_react_shadcn_ts@1.2.0 test:unit
> vitest run src/test


[1m[46m RUN [49m[22m [36mv4.0.16 [39m[90mC:/Users/HP/OneDrive/Desktop/Projects/VS Code/AroCord-HIMS/care-harmony-hub[39m

 [31mΓ¥»[39m src/test/hooks/useBilling.test.tsx [2m([22m[2m8 tests[22m[2m | [22m[31m3 failed[39m[2m)[22m[33m 423[2mms[22m[39m
     [32mΓ£ô[39m returns empty array when no hospital[32m 66[2mms[22m[39m
     [32mΓ£ô[39m fetches invoices with optional status filter[32m 89[2mms[22m[39m
     [32mΓ£ô[39m is disabled when no invoiceId[32m 6[2mms[22m[39m
     [32mΓ£ô[39m fetches invoice with items and payments[32m 110[2mms[22m[39m
     [32mΓ£ô[39m calculates pending/partial/paid counts and outstanding total[32m 98[2mms[22m[39m
[31m     [31m├ù[31m generates invoice number, inserts invoice and items[39m[32m 30[2mms[22m[39m
[31m     [31m├ù[31m inserts payment and updates invoice status to paid when fully paid[39m[32m 7[2mms[22m[39m
[31m     [31m├ù[31m sets status to partial when partially paid[39m[32m 8[2mms[22m[39m
 [31mΓ¥»[39m src/test/hooks/useConsultations.test.tsx [2m([22m[2m10 tests[22m[2m | [22m[31m2 failed[39m[2m)[22m[33m 466[2mms[22m[39m
     [32mΓ£ô[39m returns loading state initially[32m 68[2mms[22m[39m
     [32mΓ£ô[39m fetches consultations scoped to hospital_id[32m 130[2mms[22m[39m
     [32mΓ£ô[39m handles Supabase error gracefully[32m 88[2mms[22m[39m
     [32mΓ£ô[39m returns empty when no hospital_id[32m 20[2mms[22m[39m
     [32mΓ£ô[39m fetches single consultation by id[32m 94[2mms[22m[39m
     [32mΓ£ô[39m is disabled when no consultationId[32m 8[2mms[22m[39m
[31m     [31m├ù[31m inserts consultation with hospital_id scoping[39m[32m 27[2mms[22m[39m
     [32mΓ£ô[39m throws when not authenticated[32m 10[2mms[22m[39m
[31m     [31m├ù[31m updates consultation by id[39m[32m 7[2mms[22m[39m
     [32mΓ£ô[39m handles Supabase error on update[32m 7[2mms[22m[39m
 [31mΓ¥»[39m src/test/hooks/usePatients.test.tsx [2m([22m[2m8 tests[22m[2m | [22m[31m1 failed[39m[2m)[22m[33m 453[2mms[22m[39m
     [32mΓ£ô[39m returns empty result when no hospital[32m 88[2mms[22m[39m
     [32mΓ£ô[39m fetches patients with pagination[32m 80[2mms[22m[39m
     [32mΓ£ô[39m throws on Supabase error[32m 82[2mms[22m[39m
     [32mΓ£ô[39m is disabled when no patientId[32m 8[2mms[22m[39m
     [32mΓ£ô[39m fetches single patient[32m 78[2mms[22m[39m
[31m     [31m├ù[31m calls rpc generate_mrn then inserts patient with encryption_metadata[39m[32m 27[2mms[22m[39m
     [32mΓ£ô[39m is disabled when searchTerm < 2 chars[32m 5[2mms[22m[39m
     [32mΓ£ô[39m queries with sanitized search term[32m 76[2mms[22m[39m
node.exe : [90mstderr[2m | src/test/hooks/useLabOrders.test.tsx[2m > 
[22m[2museLabOrders[2m > [22m[2mapplies status filter when not "all"
At C:\Program Files\nodejs\npm.ps1:29 char:3
+   & $NODE_EXE $NPM_CLI_JS $args
+   ~~~~~~~~~~~~~~~~~~~~~~~~~~~~~
    + CategoryInfo          : NotSpecified: ([90mstderr[2m... when not "all" 
   :String) [], RemoteException
    + FullyQualifiedErrorId : NativeCommandError
 
[22m[39mQuery data cannot be undefined. Please make sure to return a value 
other than undefined from your query function. Affected query key: 
["lab-orders","test-hospital-id","pending"]

 [31mΓ¥»[39m src/test/hooks/useLabOrders.test.tsx [2m([22m[2m8 tests[22m[2m | [22m[31m2 failed[39m[2m)[22m[33m 359[2mms[22m[39m
     [32mΓ£ô[39m returns empty array when no hospital[32m 84[2mms[22m[39m
     [32mΓ£ô[39m fetches lab orders ordered by ordered_at desc[32m 92[2mms[22m[39m
     [32mΓ£ô[39m applies status filter when not "all"[32m 12[2mms[22m[39m
     [32mΓ£ô[39m does not apply status filter when "all"[32m 17[2mms[22m[39m
     [32mΓ£ô[39m calculates pending, inProgress, completedToday[32m 102[2mms[22m[39m
[31m     [31m├ù[31m updates lab order by id[39m[32m 24[2mms[22m[39m
[31m     [31m├ù[31m inserts lab order and creates lab_queue entry[39m[32m 8[2mms[22m[39m
     [32mΓ£ô[39m throws and logs telemetry on queue insertion failure[32m 12[2mms[22m[39m
 [31mΓ¥»[39m src/test/hooks/usePrescriptions.test.tsx [2m([22m[2m7 tests[22m[2m | [22m[31m2 failed[39m[2m)[22m[33m 418[2mms[22m[39m
     [32mΓ£ô[39m returns empty array when no hospital[32m 92[2mms[22m[39m
     [32mΓ£ô[39m fetches prescriptions with optional status filter[32m 91[2mms[22m[39m
     [32mΓ£ô[39m throws on error[32m 77[2mms[22m[39m
     [32mΓ£ô[39m returns pending/dispensed/today counts[32m 91[2mms[22m[39m
[31m     [31m├ù[31m inserts prescription, items, and queue entry[39m[32m 41[2mms[22m[39m
     [32mΓ£ô[39m throws when no hospital/profile context[32m 12[2mms[22m[39m
[31m     [31m├ù[31m updates prescription status to dispensed and marks items dispensed[39m[32m 7[2mms[22m[39m
[90mstderr[2m | src/test/hooks/useUnifiedCheckIn.test.tsx[2m > 
[22m[2museUnifiedCheckIn[2m > [22m[2mreturns null and shows toast when 
appointment check-in fails
[22m[39mUnified check-in failed: Cannot coerce the result to a single JSON 
object {
  code: [32m'PGRST116'[39m,
  details: [32m'The result contains 0 rows'[39m,
  hint: [1mnull[22m,
  message: [32m'Cannot coerce the result to a single JSON object'[39m
}

 [31mΓ¥»[39m src/test/hooks/useUnifiedCheckIn.test.tsx [2m([22m[2m2 tests[22m[2m | [22m[31m1 failed[39m[2m)[22m[33m 896[2mms[22m[39m
[31m     [31m├ù[31m returns null and shows toast when appointment check-in fails[39m[33m 881[2mms[22m[39m
     [32mΓ£ô[39m narrows emergency walk-in priority to urgent workflow priority[32m 9[2mms[22m[39m
[90mstderr[2m | src/test/hooks/useUnifiedCheckIn.test.ts[2m > 
[22m[2museUnifiedCheckIn ΓÇö WF-01 error handling[2m > [22m[2mreturns 
null and shows toast.error when checkInAppointment fails
[22m[39mUnified check-in failed: invalid input syntax for type uuid: 
"appt-1" {
  code: [32m'22P02'[39m,
  details: [1mnull[22m,
  hint: [1mnull[22m,
  message: [32m'invalid input syntax for type uuid: "appt-1"'[39m
}

 [31mΓ¥»[39m src/test/hooks/useUnifiedCheckIn.test.ts [2m([22m[2m8 tests[22m[2m | [22m[31m7 failed[39m[2m)[22m[33m 1337[2mms[22m[39m
[31m     [31m├ù[31m returns null and shows toast.error when checkInAppointment fails[39m[33m 1287[2mms[22m[39m
     [32mΓ£ô[39m does not throw ΓÇö error stays within the hook[32m 8[2mms[22m[39m
[31m     [31m├ù[31m returns null and shows toast.error when walk-in queue fails[39m[32m 7[2mms[22m[39m
[31m     [31m├ù[31m does not call triggerWorkflow when checkIn throws[39m[32m 5[2mms[22m[39m
[31m     [31m├ù[31m maps standard priority "normal" through correctly[39m[32m 4[2mms[22m[39m
[31m     [31m├ù[31m maps "emergency" priority to "urgent" (not passed as raw "emergency")[39m[32m 6[2mms[22m[39m
[31m     [31m├ù[31m maps unknown priority to "normal"[39m[32m 7[2mms[22m[39m
[31m     [31m├ù[31m triggers workflow with priority "high" for a high-priority walk-in[39m[32m 4[2mms[22m[39m
[90mstderr[2m | src/test/integration/join-flow.test.tsx[2m > [22m[2mJoin 
Flow[2m > [22m[2mrenders invitation details and completes join flow
[22m[39mΓÜá∩╕Å React Router Future Flag Warning: React Router will begin 
wrapping state updates in `React.startTransition` in v7. You can use the 
`v7_startTransition` future flag to opt-in early. For more information, see 
https://reactrouter.com/v6/upgrading/future#v7_starttransition.
ΓÜá∩╕Å React Router Future Flag Warning: Relative route resolution within 
Splat routes is changing in v7. You can use the `v7_relativeSplatPath` future 
flag to opt-in early. For more information, see 
https://reactrouter.com/v6/upgrading/future#v7_relativesplatpath.

[90mstderr[2m | src/test/integration/signup-flow.test.tsx[2m > 
[22m[2mSignup Flow[2m > [22m[2mcompletes signup and navigates to role 
setup
[22m[39mΓÜá∩╕Å React Router Future Flag Warning: React Router will begin 
wrapping state updates in `React.startTransition` in v7. You can use the 
`v7_startTransition` future flag to opt-in early. For more information, see 
https://reactrouter.com/v6/upgrading/future#v7_starttransition.
ΓÜá∩╕Å React Router Future Flag Warning: Relative route resolution within 
Splat routes is changing in v7. You can use the `v7_relativeSplatPath` future 
flag to opt-in early. For more information, see 
https://reactrouter.com/v6/upgrading/future#v7_relativesplatpath.

[90mstderr[2m | src/test/role-switching.test.tsx[2m > [22m[2mRole 
Switching Tests[2m > [22m[2mshows only available roles in the menu
[22m[39mΓÜá∩╕Å React Router Future Flag Warning: React Router will begin 
wrapping state updates in `React.startTransition` in v7. You can use the 
`v7_startTransition` future flag to opt-in early. For more information, see 
https://reactrouter.com/v6/upgrading/future#v7_starttransition.
ΓÜá∩╕Å React Router Future Flag Warning: Relative route resolution within 
Splat routes is changing in v7. You can use the `v7_relativeSplatPath` future 
flag to opt-in early. For more information, see 
https://reactrouter.com/v6/upgrading/future#v7_relativesplatpath.

[90mstderr[2m | src/test/integration/account-setup.test.tsx[2m > 
[22m[2mAccount Setup Flow[2m > [22m[2mrenders the profile step when 
profile is missing
[22m[39mΓÜá∩╕Å React Router Future Flag Warning: React Router will begin 
wrapping state updates in `React.startTransition` in v7. You can use the 
`v7_startTransition` future flag to opt-in early. For more information, see 
https://reactrouter.com/v6/upgrading/future#v7_starttransition.
ΓÜá∩╕Å React Router Future Flag Warning: Relative route resolution within 
Splat routes is changing in v7. You can use the `v7_relativeSplatPath` future 
flag to opt-in early. For more information, see 
https://reactrouter.com/v6/upgrading/future#v7_relativesplatpath.

 [32mΓ£ô[39m src/test/role-switching.test.tsx [2m([22m[2m7 tests[22m[2m)[22m[33m 2306[2mms[22m[39m
     [33m[2mΓ£ô[22m[39m shows only available roles in the menu [33m 1334[2mms[22m[39m
     [33m[2mΓ£ô[22m[39m calls the switch handler when a role is selected [33m 590[2mms[22m[39m
     [33m[2mΓ£ô[22m[39m shows empty state when no alternative roles exist [33m 335[2mms[22m[39m
[90mstderr[2m | src/test/ai-demo.test.tsx[2m > [22m[2mAIDemoPage[2m > 
[22m[2mrenders the AI demo page correctly
[22m[39mΓÜá∩╕Å React Router Future Flag Warning: React Router will begin 
wrapping state updates in `React.startTransition` in v7. You can use the 
`v7_startTransition` future flag to opt-in early. For more information, see 
https://reactrouter.com/v6/upgrading/future#v7_starttransition.
ΓÜá∩╕Å React Router Future Flag Warning: Relative route resolution within 
Splat routes is changing in v7. You can use the `v7_relativeSplatPath` future 
flag to opt-in early. For more information, see 
https://reactrouter.com/v6/upgrading/future#v7_relativesplatpath.

 [32mΓ£ô[39m src/test/integration/account-setup.test.tsx [2m([22m[2m5 tests[22m[2m)[22m[33m 2127[2mms[22m[39m
     [33m[2mΓ£ô[22m[39m signs out from the role step and navigates to login [33m 841[2mms[22m[39m
     [33m[2mΓ£ô[22m[39m submits hospital details and navigates to role setup [33m 834[2mms[22m[39m
 [32mΓ£ô[39m src/test/hooks/useScheduling.test.tsx [2m([22m[2m10 tests[22m[2m)[22m[33m 549[2mms[22m[39m
 [32mΓ£ô[39m src/test/components/audit.test.tsx [2m([22m[2m5 tests[22m[2m)[22m[33m 1359[2mms[22m[39m
     [33m[2mΓ£ô[22m[39m renders audit logs table [33m 537[2mms[22m[39m
     [33m[2mΓ£ô[22m[39m calls onNext when next button clicked [33m 535[2mms[22m[39m
 [32mΓ£ô[39m src/test/ai-demo.test.tsx [2m([22m[2m3 tests[22m[2m)[22m[33m 2564[2mms[22m[39m
     [33m[2mΓ£ô[22m[39m renders the AI demo page correctly [33m 1439[2mms[22m[39m
     [33m[2mΓ£ô[22m[39m displays security features [33m 619[2mms[22m[39m
     [33m[2mΓ£ô[22m[39m shows demo environment warning [33m 500[2mms[22m[39m
 [32mΓ£ô[39m src/test/integration/join-flow.test.tsx [2m([22m[2m3 tests[22m[2m)[22m[33m 5051[2mms[22m[39m
     [33m[2mΓ£ô[22m[39m renders invitation details and completes join flow [33m 3051[2mms[22m[39m
     [33m[2mΓ£ô[22m[39m redirects to login when server requires login [33m 1875[2mms[22m[39m
 [32mΓ£ô[39m src/test/integration/signup-flow.test.tsx [2m([22m[2m1 test[22m[2m)[22m[33m 7507[2mms[22m[39m
     [33m[2mΓ£ô[22m[39m completes signup and navigates to role setup [33m 7501[2mms[22m[39m
 [32mΓ£ô[39m src/test/hooks/useVitalSigns.test.tsx [2m([22m[2m9 tests[22m[2m)[22m[33m 620[2mms[22m[39m
 [32mΓ£ô[39m src/test/performance/render-performance.test.tsx [2m([22m[2m2 tests[22m[2m)[22m[32m 289[2mms[22m[39m
 [32mΓ£ô[39m src/test/hooks/useQueue.test.tsx [2m([22m[2m9 tests[22m[2m)[22m[33m 309[2mms[22m[39m
 [32mΓ£ô[39m src/test/hooks/useAdminStats.test.tsx [2m([22m[2m7 tests[22m[2m)[22m[33m 477[2mms[22m[39m
[90mstderr[2m | src/test/integration/queue-degradation.test.ts[2m > 
[22m[2mWF-04 ΓÇö prescription_queue degradation compensating write[2m > 
[22m[2minserts a workflow_tasks record when prescription_queue is missing
[22m[39mprescription_queue unavailable; prescription created without durable 
queue entry {
  prescriptionId: [32m'rx-1'[39m,
  error: [32m'relation "public.prescription_queue" does not exist'[39m
}

[90mstderr[2m | src/test/hooks/useAppointments.test.tsx[2m > 
[22m[2museTodayAppointments[2m > [22m[2muses today date as filter
[22m[39mQuery data cannot be undefined. Please make sure to return a value 
other than undefined from your query function. Affected query key: 
["appointments","test-hospital-id","2026-04-10"]

 [32mΓ£ô[39m src/test/integration/queue-degradation.test.ts [2m([22m[2m4 tests[22m[2m | [22m[33m2 skipped[39m[2m)[22m[33m 405[2mms[22m[39m
     [33m[2mΓ£ô[22m[39m inserts a workflow_tasks record when prescription_queue is missing [33m 385[2mms[22m[39m
 [32mΓ£ô[39m src/test/hooks/useAppointments.test.tsx [2m([22m[2m8 tests[22m[2m)[22m[33m 403[2mms[22m[39m
 [32mΓ£ô[39m src/test/hooks/useDischargeWorkflow.test.tsx [2m([22m[2m2 tests[22m[2m)[22m[32m 240[2mms[22m[39m
[90mstderr[2m | src/test/role-interconnection.test.ts[2m > [22m[2mRole 
Interconnection System[2m > [22m[2mWorkflow Validation[2m > 
[22m[2mvalidateAllWorkflows should return valid results for all workflows
[22m[39mTask delegation from receptionist to nurse may be restricted
Task delegation from nurse to doctor may be restricted
Task delegation from lab_technician to doctor may be restricted
Task delegation from pharmacist to patient may be restricted
Task delegation from receptionist to nurse may be restricted
Task delegation from nurse to doctor may be restricted
Task delegation from doctor to admin may be restricted
Task delegation from receptionist to admin may be restricted
Task delegation from lab_technician to receptionist may be restricted
Task delegation from pharmacist to receptionist may be restricted
Task delegation from doctor to admin may be restricted
Task delegation from nurse to admin may be restricted

[90mstderr[2m | src/test/role-interconnection.test.ts[2m > [22m[2mRole 
Interconnection System[2m > [22m[2mMetrics Calculation[2m > 
[22m[2mcalculateInterconnectionMetrics should return all required metrics
[22m[39mTask delegation from receptionist to nurse may be restricted
Task delegation from nurse to doctor may be restricted
Task delegation from lab_technician to doctor may be restricted
Task delegation from pharmacist to patient may be restricted
Task delegation from receptionist to nurse may be restricted
Task delegation from nurse to doctor may be restricted
Task delegation from doctor to admin may be restricted
Task delegation from receptionist to admin may be restricted
Task delegation from lab_technician to receptionist may be restricted
Task delegation from pharmacist to receptionist may be restricted
Task delegation from doctor to admin may be restricted
Task delegation from nurse to admin may be restricted

[90mstderr[2m | src/test/role-interconnection.test.ts[2m > [22m[2mRole 
Interconnection System[2m > [22m[2mMetrics Calculation[2m > [22m[2mall 
metrics should be percentages (0-100)
[22m[39mTask delegation from receptionist to nurse may be restricted
Task delegation from nurse to doctor may be restricted
Task delegation from lab_technician to doctor may be restricted
Task delegation from pharmacist to patient may be restricted
Task delegation from receptionist to nurse may be restricted
Task delegation from nurse to doctor may be restricted
Task delegation from doctor to admin may be restricted
Task delegation from receptionist to admin may be restricted
Task delegation from lab_technician to receptionist may be restricted
Task delegation from pharmacist to receptionist may be restricted
Task delegation from doctor to admin may be restricted
Task delegation from nurse to admin may be restricted

[90mstderr[2m | src/test/role-interconnection.test.ts[2m > [22m[2mRole 
Interconnection System[2m > [22m[2mMetrics Calculation[2m > 
[22m[2mworkflow completeness should be 100% when all workflows are valid
[22m[39mTask delegation from receptionist to nurse may be restricted
Task delegation from nurse to doctor may be restricted
Task delegation from lab_technician to doctor may be restricted
Task delegation from pharmacist to patient may be restricted
Task delegation from receptionist to nurse may be restricted
Task delegation from nurse to doctor may be restricted
Task delegation from doctor to admin may be restricted
Task delegation from receptionist to admin may be restricted
Task delegation from lab_technician to receptionist may be restricted
Task delegation from pharmacist to receptionist may be restricted
Task delegation from doctor to admin may be restricted
Task delegation from nurse to admin may be restricted
Task delegation from receptionist to nurse may be restricted
Task delegation from nurse to doctor may be restricted
Task delegation from lab_technician to doctor may be restricted
Task delegation from pharmacist to patient may be restricted
Task delegation from receptionist to nurse may be restricted
Task delegation from nurse to doctor may be restricted
Task delegation from doctor to admin may be restricted
Task delegation from receptionist to admin may be restricted
Task delegation from lab_technician to receptionist may be restricted
Task delegation from pharmacist to receptionist may be restricted
Task delegation from doctor to admin may be restricted
Task delegation from nurse to admin may be restricted

[90mstderr[2m | src/test/role-interconnection.test.ts[2m > [22m[2mRole 
Interconnection System[2m > [22m[2mReport Generation[2m > 
[22m[2mgenerateJSONReport should return complete report structure
[22m[39mPermission 'consultation:write' granted to doctor but not admin
Permission 'prescription:read' granted to doctor but not admin
Permission 'lab:write' granted to doctor but not admin
Permission 'vitals:read' granted to doctor but not admin
Permission 'telemedicine:read' granted to doctor but not admin
Permission 'telemedicine:write' granted to doctor but not admin
Permission 'queue:write' granted to nurse but not doctor
Permission 'queue:manage' granted to nurse but not doctor
Permission 'pharmacy:dispense' granted to nurse but not doctor
Permission 'inventory:read' granted to nurse but not doctor
Permission 'billing:read' granted to receptionist but not nurse
Permission 'prescription:read' granted to pharmacist but not receptionist
Permission 'prescription:write' granted to pharmacist but not receptionist
Permission 'prescription:dispense' granted to pharmacist but not receptionist
Permission 'pharmacy:read' granted to pharmacist but not receptionist
Permission 'pharmacy:write' granted to pharmacist but not receptionist
Permission 'inventory:read' granted to pharmacist but not receptionist
Permission 'inventory:write' granted to pharmacist but not receptionist
Permission 'inventory:manage' granted to pharmacist but not receptionist
Permission 'consultation:read' granted to pharmacist but not receptionist
Permission 'lab:read' granted to lab_technician but not pharmacist
Permission 'lab:write' granted to lab_technician but not pharmacist
Permission 'appointment:read' granted to patient but not lab_technician
Permission 'prescription:read' granted to patient but not lab_technician
Permission 'billing:read' granted to patient but not lab_technician
Permission 'vitals:read' granted to patient but not lab_technician
Task delegation from receptionist to nurse may be restricted
Task delegation from nurse to doctor may be restricted
Task delegation from lab_technician to doctor may be restricted
Task delegation from pharmacist to patient may be restricted
Task delegation from receptionist to nurse may be restricted
Task delegation from nurse to doctor may be restricted
Task delegation from doctor to admin may be restricted
Task delegation from receptionist to admin may be restricted
Task delegation from lab_technician to receptionist may be restricted
Task delegation from pharmacist to receptionist may be restricted
Task delegation from doctor to admin may be restricted
Task delegation from nurse to admin may be restricted
Task delegation from receptionist to nurse may be restricted
Task delegation from nurse to doctor may be restricted
Task delegation from lab_technician to doctor may be restricted
Task delegation from pharmacist to patient may be restricted
Task delegation from receptionist to nurse may be restricted
Task delegation from nurse to doctor may be restricted
Task delegation from doctor to admin may be restricted
Task delegation from receptionist to admin may be restricted
Task delegation from lab_technician to receptionist may be restricted
Task delegation from pharmacist to receptionist may be restricted
Task delegation from doctor to admin may be restricted
Task delegation from nurse to admin may be restricted
Task delegation from receptionist to nurse may be restricted
Task delegation from nurse to doctor may be restricted
Task delegation from lab_technician to doctor may be restricted
Task delegation from pharmacist to patient may be restricted
Task delegation from receptionist to nurse may be restricted
Task delegation from nurse to doctor may be restricted
Task delegation from doctor to admin may be restricted
Task delegation from receptionist to admin may be restricted
Task delegation from lab_technician to receptionist may be restricted
Task delegation from pharmacist to receptionist may be restricted
Task delegation from doctor to admin may be restricted
Task delegation from nurse to admin may be restricted

[90mstderr[2m | src/test/role-interconnection.test.ts[2m > [22m[2mRole 
Interconnection System[2m > [22m[2mReport Generation[2m > 
[22m[2mgenerateJSONReport summary should have correct role count
[22m[39mPermission 'consultation:write' granted to doctor but not admin
Permission 'prescription:read' granted to doctor but not admin
Permission 'lab:write' granted to doctor but not admin
Permission 'vitals:read' granted to doctor but not admin
Permission 'telemedicine:read' granted to doctor but not admin
Permission 'telemedicine:write' granted to doctor but not admin
Permission 'queue:write' granted to nurse but not doctor
Permission 'queue:manage' granted to nurse but not doctor
Permission 'pharmacy:dispense' granted to nurse but not doctor
Permission 'inventory:read' granted to nurse but not doctor
Permission 'billing:read' granted to receptionist but not nurse
Permission 'prescription:read' granted to pharmacist but not receptionist
Permission 'prescription:write' granted to pharmacist but not receptionist
Permission 'prescription:dispense' granted to pharmacist but not receptionist
Permission 'pharmacy:read' granted to pharmacist but not receptionist
Permission 'pharmacy:write' granted to pharmacist but not receptionist
Permission 'inventory:read' granted to pharmacist but not receptionist
Permission 'inventory:write' granted to pharmacist but not receptionist
Permission 'inventory:manage' granted to pharmacist but not receptionist
Permission 'consultation:read' granted to pharmacist but not receptionist
Permission 'lab:read' granted to lab_technician but not pharmacist
Permission 'lab:write' granted to lab_technician but not pharmacist
Permission 'appointment:read' granted to patient but not lab_technician
Permission 'prescription:read' granted to patient but not lab_technician
Permission 'billing:read' granted to patient but not lab_technician
Permission 'vitals:read' granted to patient but not lab_technician
Task delegation from receptionist to nurse may be restricted
Task delegation from nurse to doctor may be restricted
Task delegation from lab_technician to doctor may be restricted
Task delegation from pharmacist to patient may be restricted
Task delegation from receptionist to nurse may be restricted
Task delegation from nurse to doctor may be restricted
Task delegation from doctor to admin may be restricted
Task delegation from receptionist to admin may be restricted
Task delegation from lab_technician to receptionist may be restricted
Task delegation from pharmacist to receptionist may be restricted
Task delegation from doctor to admin may be restricted
Task delegation from nurse to admin may be restricted
Task delegation from receptionist to nurse may be restricted
Task delegation from nurse to doctor may be restricted
Task delegation from lab_technician to doctor may be restricted
Task delegation from pharmacist to patient may be restricted
Task delegation from receptionist to nurse may be restricted
Task delegation from nurse to doctor may be restricted
Task delegation from doctor to admin may be restricted
Task delegation from receptionist to admin may be restricted
Task delegation from lab_technician to receptionist may be restricted
Task delegation from pharmacist to receptionist may be restricted
Task delegation from doctor to admin may be restricted
Task delegation from nurse to admin may be restricted
Task delegation from receptionist to nurse may be restricted
Task delegation from nurse to doctor may be restricted
Task delegation from lab_technician to doctor may be restricted
Task delegation from pharmacist to patient may be restricted
Task delegation from receptionist to nurse may be restricted
Task delegation from nurse to doctor may be restricted
Task delegation from doctor to admin may be restricted
Task delegation from receptionist to admin may be restricted
Task delegation from lab_technician to receptionist may be restricted
Task delegation from pharmacist to receptionist may be restricted
Task delegation from doctor to admin may be restricted
Task delegation from nurse to admin may be restricted

[90mstderr[2m | src/test/role-interconnection.test.ts[2m > [22m[2mRole 
Interconnection System[2m > [22m[2mReport Generation[2m > 
[22m[2mgenerateJSONReport should include all roles
[22m[39mPermission 'consultation:write' granted to doctor but not admin
Permission 'prescription:read' granted to doctor but not admin
Permission 'lab:write' granted to doctor but not admin
Permission 'vitals:read' granted to doctor but not admin
Permission 'telemedicine:read' granted to doctor but not admin
Permission 'telemedicine:write' granted to doctor but not admin
Permission 'queue:write' granted to nurse but not doctor
Permission 'queue:manage' granted to nurse but not doctor
Permission 'pharmacy:dispense' granted to nurse but not doctor
Permission 'inventory:read' granted to nurse but not doctor
Permission 'billing:read' granted to receptionist but not nurse
Permission 'prescription:read' granted to pharmacist but not receptionist
Permission 'prescription:write' granted to pharmacist but not receptionist
Permission 'prescription:dispense' granted to pharmacist but not receptionist
Permission 'pharmacy:read' granted to pharmacist but not receptionist
Permission 'pharmacy:write' granted to pharmacist but not receptionist
Permission 'inventory:read' granted to pharmacist but not receptionist
Permission 'inventory:write' granted to pharmacist but not receptionist
Permission 'inventory:manage' granted to pharmacist but not receptionist
Permission 'consultation:read' granted to pharmacist but not receptionist
Permission 'lab:read' granted to lab_technician but not pharmacist
Permission 'lab:write' granted to lab_technician but not pharmacist
Permission 'appointment:read' granted to patient but not lab_technician
Permission 'prescription:read' granted to patient but not lab_technician
Permission 'billing:read' granted to patient but not lab_technician
Permission 'vitals:read' granted to patient but not lab_technician
Task delegation from receptionist to nurse may be restricted
Task delegation from nurse to doctor may be restricted
Task delegation from lab_technician to doctor may be restricted
Task delegation from pharmacist to patient may be restricted
Task delegation from receptionist to nurse may be restricted
Task delegation from nurse to doctor may be restricted
Task delegation from doctor to admin may be restricted
Task delegation from receptionist to admin may be restricted
Task delegation from lab_technician to receptionist may be restricted
Task delegation from pharmacist to receptionist may be restricted
Task delegation from doctor to admin may be restricted
Task delegation from nurse to admin may be restricted
Task delegation from receptionist to nurse may be restricted
Task delegation from nurse to doctor may be restricted
Task delegation from lab_technician to doctor may be restricted
Task delegation from pharmacist to patient may be restricted
Task delegation from receptionist to nurse may be restricted
Task delegation from nurse to doctor may be restricted
Task delegation from doctor to admin may be restricted
Task delegation from receptionist to admin may be restricted
Task delegation from lab_technician to receptionist may be restricted
Task delegation from pharmacist to receptionist may be restricted
Task delegation from doctor to admin may be restricted
Task delegation from nurse to admin may be restricted
Task delegation from receptionist to nurse may be restricted
Task delegation from nurse to doctor may be restricted
Task delegation from lab_technician to doctor may be restricted
Task delegation from pharmacist to patient may be restricted
Task delegation from receptionist to nurse may be restricted
Task delegation from nurse to doctor may be restricted
Task delegation from doctor to admin may be restricted
Task delegation from receptionist to admin may be restricted
Task delegation from lab_technician to receptionist may be restricted
Task delegation from pharmacist to receptionist may be restricted
Task delegation from doctor to admin may be restricted
Task delegation from nurse to admin may be restricted

[90mstderr[2m | src/test/role-interconnection.test.ts[2m > [22m[2mRole 
Interconnection System[2m > [22m[2mOverall System Validation[2m > 
[22m[2mvalidateRoleInterconnections should return comprehensive result
[22m[39mPermission 'consultation:write' granted to doctor but not admin
Permission 'prescription:read' granted to doctor but not admin
Permission 'lab:write' granted to doctor but not admin
Permission 'vitals:read' granted to doctor but not admin
Permission 'telemedicine:read' granted to doctor but not admin
Permission 'telemedicine:write' granted to doctor but not admin
Permission 'queue:write' granted to nurse but not doctor
Permission 'queue:manage' granted to nurse but not doctor
Permission 'pharmacy:dispense' granted to nurse but not doctor
Permission 'inventory:read' granted to nurse but not doctor
Permission 'billing:read' granted to receptionist but not nurse
Permission 'prescription:read' granted to pharmacist but not receptionist
Permission 'prescription:write' granted to pharmacist but not receptionist
Permission 'prescription:dispense' granted to pharmacist but not receptionist
Permission 'pharmacy:read' granted to pharmacist but not receptionist
Permission 'pharmacy:write' granted to pharmacist but not receptionist
Permission 'inventory:read' granted to pharmacist but not receptionist
Permission 'inventory:write' granted to pharmacist but not receptionist
Permission 'inventory:manage' granted to pharmacist but not receptionist
Permission 'consultation:read' granted to pharmacist but not receptionist
Permission 'lab:read' granted to lab_technician but not pharmacist
Permission 'lab:write' granted to lab_technician but not pharmacist
Permission 'appointment:read' granted to patient but not lab_technician
Permission 'prescription:read' granted to patient but not lab_technician
Permission 'billing:read' granted to patient but not lab_technician
Permission 'vitals:read' granted to patient but not lab_technician
Task delegation from receptionist to nurse may be restricted
Task delegation from nurse to doctor may be restricted
Task delegation from lab_technician to doctor may be restricted
Task delegation from pharmacist to patient may be restricted
Task delegation from receptionist to nurse may be restricted
Task delegation from nurse to doctor may be restricted
Task delegation from doctor to admin may be restricted
Task delegation from receptionist to admin may be restricted
Task delegation from lab_technician to receptionist may be restricted
Task delegation from pharmacist to receptionist may be restricted
Task delegation from doctor to admin may be restricted
Task delegation from nurse to admin may be restricted

[90mstderr[2m | src/test/role-interconnection.test.ts[2m > [22m[2mRole 
Interconnection System[2m > [22m[2mOverall System Validation[2m > 
[22m[2mrole hierarchy should be valid
[22m[39mPermission 'consultation:write' granted to doctor but not admin
Permission 'prescription:read' granted to doctor but not admin
Permission 'lab:write' granted to doctor but not admin
Permission 'vitals:read' granted to doctor but not admin
Permission 'telemedicine:read' granted to doctor but not admin
Permission 'telemedicine:write' granted to doctor but not admin
Permission 'queue:write' granted to nurse but not doctor
Permission 'queue:manage' granted to nurse but not doctor
Permission 'pharmacy:dispense' granted to nurse but not doctor
Permission 'inventory:read' granted to nurse but not doctor
Permission 'billing:read' granted to receptionist but not nurse
Permission 'prescription:read' granted to pharmacist but not receptionist
Permission 'prescription:write' granted to pharmacist but not receptionist
Permission 'prescription:dispense' granted to pharmacist but not receptionist
Permission 'pharmacy:read' granted to pharmacist but not receptionist
Permission 'pharmacy:write' granted to pharmacist but not receptionist
Permission 'inventory:read' granted to pharmacist but not receptionist
Permission 'inventory:write' granted to pharmacist but not receptionist
Permission 'inventory:manage' granted to pharmacist but not receptionist
Permission 'consultation:read' granted to pharmacist but not receptionist
Permission 'lab:read' granted to lab_technician but not pharmacist
Permission 'lab:write' granted to lab_technician but not pharmacist
Permission 'appointment:read' granted to patient but not lab_technician
Permission 'prescription:read' granted to patient but not lab_technician
Permission 'billing:read' granted to patient but not lab_technician
Permission 'vitals:read' granted to patient but not lab_technician
Task delegation from receptionist to nurse may be restricted
Task delegation from nurse to doctor may be restricted
Task delegation from lab_technician to doctor may be restricted
Task delegation from pharmacist to patient may be restricted
Task delegation from receptionist to nurse may be restricted
 [32mΓ£ô[39m src/test/hooks/useLaboratory.test.tsx [2m([22m[2m10 tests[22m[2m)[22m[32m 243[2mms[22m[39m
Task delegation from nurse to doctor may be restricted
Task delegation from doctor to admin may be restricted
Task delegation from receptionist to admin may be restricted
Task delegation from lab_technician to receptionist may be restricted
Task delegation from pharmacist to receptionist may be restricted
Task delegation from doctor to admin may be restricted
Task delegation from nurse to admin may be restricted

[90mstderr[2m | src/test/role-interconnection.test.ts[2m > [22m[2mRole 
Interconnection System[2m > [22m[2mOverall System Validation[2m > 
[22m[2mdelegation matrix should be valid
[22m[39mPermission 'consultation:write' granted to doctor but not admin
Permission 'prescription:read' granted to doctor but not admin
Permission 'lab:write' granted to doctor but not admin
Permission 'vitals:read' granted to doctor but not admin
Permission 'telemedicine:read' granted to doctor but not admin
Permission 'telemedicine:write' granted to doctor but not admin
Permission 'queue:write' granted to nurse but not doctor
Permission 'queue:manage' granted to nurse but not doctor
Permission 'pharmacy:dispense' granted to nurse but not doctor
Permission 'inventory:read' granted to nurse but not doctor
Permission 'billing:read' granted to receptionist but not nurse
Permission 'prescription:read' granted to pharmacist but not receptionist
Permission 'prescription:write' granted to pharmacist but not receptionist
Permission 'prescription:dispense' granted to pharmacist but not receptionist
Permission 'pharmacy:read' granted to pharmacist but not receptionist
Permission 'pharmacy:write' granted to pharmacist but not receptionist
Permission 'inventory:read' granted to pharmacist but not receptionist
Permission 'inventory:write' granted to pharmacist but not receptionist
Permission 'inventory:manage' granted to pharmacist but not receptionist
Permission 'consultation:read' granted to pharmacist but not receptionist
Permission 'lab:read' granted to lab_technician but not pharmacist
Permission 'lab:write' granted to lab_technician but not pharmacist
Permission 'appointment:read' granted to patient but not lab_technician
Permission 'prescription:read' granted to patient but not lab_technician
Permission 'billing:read' granted to patient but not lab_technician
Permission 'vitals:read' granted to patient but not lab_technician
Task delegation from receptionist to nurse may be restricted
Task delegation from nurse to doctor may be restricted
Task delegation from lab_technician to doctor may be restricted
Task delegation from pharmacist to patient may be restricted
 [32mΓ£ô[39m src/test/role-interconnection.test.ts [2m([22m[2m80 tests[22m[2m)[22m[32m 114[2mms[22m[39m
 [32mΓ£ô[39m src/test/hooks/hooks-fixed.test.tsx [2m([22m[2m2 tests[22m[2m)[22m[32m 150[2mms[22m[39m
Task delegation from receptionist to nurse may be restricted
Task delegation from nurse to doctor may be restricted
Task delegation from doctor to admin may be restricted
Task delegation from receptionist to admin may be restricted
Task delegation from lab_technician to receptionist may be restricted
Task delegation from pharmacist to receptionist may be restricted
Task delegation from doctor to admin may be restricted
Task delegation from nurse to admin may be restricted

[90mstderr[2m | src/test/role-interconnection.test.ts[2m > [22m[2mRole 
Interconnection System[2m > [22m[2mOverall System Validation[2m > 
[22m[2mpermissions should be consistent
[22m[39mPermission 'consultation:write' granted to doctor but not admin
Permission 'prescription:read' granted to doctor but not admin
Permission 'lab:write' granted to doctor but not admin
Permission 'vitals:read' granted to doctor but not admin
Permission 'telemedicine:read' granted to doctor but not admin
Permission 'telemedicine:write' granted to doctor but not admin
Permission 'queue:write' granted to nurse but not doctor
Permission 'queue:manage' granted to nurse but not doctor
Permission 'pharmacy:dispense' granted to nurse but not doctor
Permission 'inventory:read' granted to nurse but not doctor
Permission 'billing:read' granted to receptionist but not nurse
Permission 'prescription:read' granted to pharmacist but not receptionist
Permission 'prescription:write' granted to pharmacist but not receptionist
Permission 'prescription:dispense' granted to pharmacist but not receptionist
Permission 'pharmacy:read' granted to pharmacist but not receptionist
Permission 'pharmacy:write' granted to pharmacist but not receptionist
Permission 'inventory:read' granted to pharmacist but not receptionist
Permission 'inventory:write' granted to pharmacist but not receptionist
Permission 'inventory:manage' granted to pharmacist but not receptionist
Permission 'consultation:read' granted to pharmacist but not receptionist
Permission 'lab:read' granted to lab_technician but not pharmacist
Permission 'lab:write' granted to lab_technician but not pharmacist
Permission 'appointment:read' granted to patient but not lab_technician
Permission 'prescription:read' granted to patient but not lab_technician
Permission 'billing:read' granted to patient but not lab_technician
Permission 'vitals:read' granted to patient but not lab_technician
Task delegation from receptionist to nurse may be restricted
Task delegation from nurse to doctor may be restricted
Task delegation from lab_technician to doctor may be restricted
Task delegation from pharmacist to patient may be restricted
Task delegation from receptionist to nurse may be restricted
Task delegation from nurse to doctor may be restricted
Task delegation from doctor to admin may be restricted
Task delegation from receptionist to admin may be restricted
Task delegation from lab_technician to receptionist may be restricted
Task delegation from pharmacist to receptionist may be restricted
Task delegation from doctor to admin may be restricted
Task delegation from nurse to admin may be restricted

 [32mΓ£ô[39m src/test/hooks/useNotifications.test.tsx [2m([22m[2m6 tests[22m[2m)[22m[32m 136[2mms[22m[39m
 [32mΓ£ô[39m src/test/hooks/hooks.test.tsx [2m([22m[2m1 test[22m[2m)[22m[32m 128[2mms[22m[39m
 [32mΓ£ô[39m src/test/permissions.validation.test.ts [2m([22m[2m42 tests[22m[2m)[22m[32m 34[2mms[22m[39m
 [32mΓ£ô[39m src/test/hooks/usePharmacy.test.tsx [2m([22m[2m10 tests[22m[2m)[22m[32m 146[2mms[22m[39m
 [32mΓ£ô[39m src/test/admin-rbac.test.ts [2m([22m[2m20 tests[22m[2m)[22m[32m 24[2mms[22m[39m
 [32mΓ£ô[39m src/test/patient-rbac.test.ts [2m([22m[2m12 tests[22m[2m)[22m[32m 13[2mms[22m[39m
 [32mΓ£ô[39m src/test/e2e/patient-workflow.test.tsx [2m([22m[2m10 tests[22m[2m)[22m[32m 13[2mms[22m[39m
 [32mΓ£ô[39m src/test/e2e/complete-workflow.test.ts [2m([22m[2m10 tests[22m[2m)[22m[32m 13[2mms[22m[39m
 [32mΓ£ô[39m src/test/role-basic.test.tsx [2m([22m[2m10 tests[22m[2m)[22m[32m 12[2mms[22m[39m
 [32mΓ£ô[39m src/test/hooks/usePermissions.test.tsx [2m([22m[2m5 tests[22m[2m)[22m[32m 14[2mms[22m[39m
 [32mΓ£ô[39m src/test/components/auth/RoleProtectedRoute.test.tsx [2m([22m[2m10 tests[22m[2m)[22m[32m 15[2mms[22m[39m
 [32mΓ£ô[39m src/test/e2e/workflow-hooks.test.ts [2m([22m[2m10 tests[22m[2m)[22m[32m 15[2mms[22m[39m
 [32mΓ£ô[39m src/test/receptionist-rbac.test.ts [2m([22m[2m10 tests[22m[2m)[22m[32m 15[2mms[22m[39m
 [32mΓ£ô[39m src/test/components.test.tsx [2m([22m[2m10 tests[22m[2m)[22m[32m 14[2mms[22m[39m
 [32mΓ£ô[39m src/test/labtech-rbac.test.ts [2m([22m[2m10 tests[22m[2m)[22m[32m 15[2mms[22m[39m
 [32mΓ£ô[39m src/test/hooks/useAutomatedAlerts.test.tsx [2m([22m[2m10 tests[22m[2m)[22m[32m 14[2mms[22m[39m
 [32mΓ£ô[39m src/test/integration/workflow-integration.test.ts [2m([22m[2m10 tests[22m[2m)[22m[32m 15[2mms[22m[39m
 [32mΓ£ô[39m src/test/validation.test.ts [2m([22m[2m10 tests[22m[2m)[22m[32m 14[2mms[22m[39m
 [32mΓ£ô[39m src/test/doctor-rbac.test.ts [2m([22m[2m10 tests[22m[2m)[22m[32m 14[2mms[22m[39m
 [32mΓ£ô[39m src/test/pharmacist-rbac.test.ts [2m([22m[2m10 tests[22m[2m)[22m[32m 14[2mms[22m[39m
 [32mΓ£ô[39m src/test/nurse-rbac.test.ts [2m([22m[2m10 tests[22m[2m)[22m[32m 18[2mms[22m[39m
 [32mΓ£ô[39m src/test/role-based-access.test.tsx [2m([22m[2m10 tests[22m[2m)[22m[32m 14[2mms[22m[39m
 [32mΓ£ô[39m src/test/components/RealTimeDashboard.test.tsx [2m([22m[2m10 tests[22m[2m)[22m[32m 14[2mms[22m[39m
 [32mΓ£ô[39m src/test/integration/auth-flow.test.tsx [2m([22m[2m10 tests[22m[2m)[22m[32m 13[2mms[22m[39m
 [32mΓ£ô[39m src/test/role-comprehensive.test.tsx [2m([22m[2m10 tests[22m[2m)[22m[32m 16[2mms[22m[39m
 [32mΓ£ô[39m src/test/hooks/minimal2.test.tsx [2m([22m[2m1 test[22m[2m)[22m[32m 9[2mms[22m[39m
 [32mΓ£ô[39m src/test/routes/routeManifest.test.ts [2m([22m[2m2 tests[22m[2m)[22m[32m 9[2mms[22m[39m
 [2m[90mΓåô[39m[22m src/test/integration/queue-degradation.test.tsx [2m([22m[2m2 tests[22m[2m | [22m[33m2 skipped[39m[2m)[22m

[31mΓÄ»ΓÄ»ΓÄ»ΓÄ»ΓÄ»ΓÄ»[39m[1m[41m Failed Tests 18 
[49m[22m[31mΓÄ»ΓÄ»ΓÄ»ΓÄ»ΓÄ»ΓÄ»ΓÄ»[39m

[41m[1m FAIL [22m[49m src/test/hooks/useBilling.test.tsx[2m > 
[22museCreateInvoice[2m > [22mgenerates invoice number, inserts invoice and 
items
[31m[1mError[22m: You do not have permission to create invoices[39m
[36m [2mΓ¥»[22m Object.mutationFn 
src/hooks/useBilling.ts:[2m256:15[22m[39m
    [90m254| [39m    }) [33m=>[39m {
    [90m255| [39m      [35mif[39m 
([33m![39m[34mhasPermission[39m(primaryRole[33m,[39m 
[32m'billing:read'[39m)) {
    [90m256| [39m        throw new Error('You do not have permission to 
create invoicesΓÇª
    [90m   | [39m              [31m^[39m
    [90m257| [39m      }
    [90m258| [39m      [35mif[39m ([33m![39mhospital[33m?.[39mid) 
[35mthrow[39m [35mnew[39m [33mError[39m([32m'No hospital 
context'[39m)[33m;[39m
[90m [2mΓ¥»[22m Object.fn ../../../VS%20Code/AroCord-HIMS/care-harmony-hub/n
ode_modules/@tanstack/query-core/build/modern/mutation.js:[2m74:29[22m[39m
[90m [2mΓ¥»[22m run ../../../VS%20Code/AroCord-HIMS/care-harmony-hub/node_mo
dules/@tanstack/query-core/build/modern/retryer.js:[2m77:49[22m[39m
[90m [2mΓ¥»[22m Object.start ../../../VS%20Code/AroCord-HIMS/care-harmony-hu
b/node_modules/@tanstack/query-core/build/modern/retryer.js:[2m119:9[22m[39m
[90m [2mΓ¥»[22m Mutation.execute ../../../VS%20Code/AroCord-HIMS/care-harmon
y-hub/node_modules/@tanstack/query-core/build/modern/mutation.js:[2m113:40[22
m[39m
[90m [2mΓ¥»[22m src/test/hooks/useBilling.test.tsx:[2m151:7[22m[39m

[31m[2mΓÄ»ΓÄ»ΓÄ»ΓÄ»ΓÄ»ΓÄ»ΓÄ»ΓÄ»ΓÄ»ΓÄ»ΓÄ»ΓÄ»ΓÄ»ΓÄ»ΓÄ»ΓÄ»ΓÄ»ΓÄ»ΓÄ»ΓÄ»ΓÄ»ΓÄ»ΓÄ»[
1/18]ΓÄ»[22m[39m

[41m[1m FAIL [22m[49m src/test/hooks/useBilling.test.tsx[2m > 
[22museRecordPayment[2m > [22minserts payment and updates invoice status to 
paid when fully paid
[31m[1mError[22m: You do not have permission to record payments[39m
[36m [2mΓ¥»[22m Object.mutationFn 
src/hooks/useBilling.ts:[2m349:15[22m[39m
    [90m347| [39m    }) [33m=>[39m {
    [90m348| [39m      [35mif[39m 
([33m![39m[34mhasPermission[39m(primaryRole[33m,[39m 
[32m'billing:read'[39m)) {
    [90m349| [39m        throw new Error('You do not have permission to 
record paymentsΓÇª
    [90m   | [39m              [31m^[39m
    [90m350| [39m      }
    [90m351| [39m      [35mif[39m ([33m![39mhospital[33m?.[39mid) 
[35mthrow[39m [35mnew[39m [33mError[39m([32m'No hospital 
context'[39m)[33m;[39m
[90m [2mΓ¥»[22m Object.fn ../../../VS%20Code/AroCord-HIMS/care-harmony-hub/n
ode_modules/@tanstack/query-core/build/modern/mutation.js:[2m74:29[22m[39m
[90m [2mΓ¥»[22m run ../../../VS%20Code/AroCord-HIMS/care-harmony-hub/node_mo
dules/@tanstack/query-core/build/modern/retryer.js:[2m77:49[22m[39m
[90m [2mΓ¥»[22m Object.start ../../../VS%20Code/AroCord-HIMS/care-harmony-hu
b/node_modules/@tanstack/query-core/build/modern/retryer.js:[2m119:9[22m[39m
[90m [2mΓ¥»[22m Mutation.execute ../../../VS%20Code/AroCord-HIMS/care-harmon
y-hub/node_modules/@tanstack/query-core/build/modern/mutation.js:[2m113:40[22
m[39m
[90m [2mΓ¥»[22m src/test/hooks/useBilling.test.tsx:[2m195:7[22m[39m

[31m[2mΓÄ»ΓÄ»ΓÄ»ΓÄ»ΓÄ»ΓÄ»ΓÄ»ΓÄ»ΓÄ»ΓÄ»ΓÄ»ΓÄ»ΓÄ»ΓÄ»ΓÄ»ΓÄ»ΓÄ»ΓÄ»ΓÄ»ΓÄ»ΓÄ»ΓÄ»ΓÄ»[
2/18]ΓÄ»[22m[39m

[41m[1m FAIL [22m[49m src/test/hooks/useBilling.test.tsx[2m > 
[22museRecordPayment[2m > [22msets status to partial when partially paid
[31m[1mError[22m: You do not have permission to record payments[39m
[36m [2mΓ¥»[22m Object.mutationFn 
src/hooks/useBilling.ts:[2m349:15[22m[39m
    [90m347| [39m    }) [33m=>[39m {
    [90m348| [39m      [35mif[39m 
([33m![39m[34mhasPermission[39m(primaryRole[33m,[39m 
[32m'billing:read'[39m)) {
    [90m349| [39m        throw new Error('You do not have permission to 
record paymentsΓÇª
    [90m   | [39m              [31m^[39m
    [90m350| [39m      }
    [90m351| [39m      [35mif[39m ([33m![39mhospital[33m?.[39mid) 
[35mthrow[39m [35mnew[39m [33mError[39m([32m'No hospital 
context'[39m)[33m;[39m
[90m [2mΓ¥»[22m Object.fn ../../../VS%20Code/AroCord-HIMS/care-harmony-hub/n
ode_modules/@tanstack/query-core/build/modern/mutation.js:[2m74:29[22m[39m
[90m [2mΓ¥»[22m run ../../../VS%20Code/AroCord-HIMS/care-harmony-hub/node_mo
dules/@tanstack/query-core/build/modern/retryer.js:[2m77:49[22m[39m
[90m [2mΓ¥»[22m Object.start ../../../VS%20Code/AroCord-HIMS/care-harmony-hu
b/node_modules/@tanstack/query-core/build/modern/retryer.js:[2m119:9[22m[39m
[90m [2mΓ¥»[22m Mutation.execute ../../../VS%20Code/AroCord-HIMS/care-harmon
y-hub/node_modules/@tanstack/query-core/build/modern/mutation.js:[2m113:40[22
m[39m
[90m [2mΓ¥»[22m src/test/hooks/useBilling.test.tsx:[2m231:7[22m[39m

[31m[2mΓÄ»ΓÄ»ΓÄ»ΓÄ»ΓÄ»ΓÄ»ΓÄ»ΓÄ»ΓÄ»ΓÄ»ΓÄ»ΓÄ»ΓÄ»ΓÄ»ΓÄ»ΓÄ»ΓÄ»ΓÄ»ΓÄ»ΓÄ»ΓÄ»ΓÄ»ΓÄ»[
3/18]ΓÄ»[22m[39m

[41m[1m FAIL [22m[49m src/test/hooks/useConsultations.test.tsx[2m > 
[22museCreateConsultation[2m > [22minserts consultation with hospital_id 
scoping
[31m[1mError[22m: You do not have permission to create consultations[39m
[36m [2mΓ¥»[22m Object.mutationFn 
src/hooks/useConsultations.ts:[2m281:15[22m[39m
    [90m279| [39m      if (!hospital?.id || !profile?.id) throw new 
Error('Not authentiΓÇª
    [90m280| [39m      [35mif[39m 
([33m![39m[34mhasPermission[39m(primaryRole[33m,[39m 
[32m'consultations:write'[39m)) {
    [90m281| [39m        throw new Error('You do not have permission to 
create consultaΓÇª
    [90m   | [39m              [31m^[39m
    [90m282| [39m      }
    [90m283| [39m
[90m [2mΓ¥»[22m Object.fn ../../../VS%20Code/AroCord-HIMS/care-harmony-hub/n
ode_modules/@tanstack/query-core/build/modern/mutation.js:[2m74:29[22m[39m
[90m [2mΓ¥»[22m run ../../../VS%20Code/AroCord-HIMS/care-harmony-hub/node_mo
dules/@tanstack/query-core/build/modern/retryer.js:[2m77:49[22m[39m
[90m [2mΓ¥»[22m Object.start ../../../VS%20Code/AroCord-HIMS/care-harmony-hu
b/node_modules/@tanstack/query-core/build/modern/retryer.js:[2m119:9[22m[39m
[90m [2mΓ¥»[22m Mutation.execute ../../../VS%20Code/AroCord-HIMS/care-harmon
y-hub/node_modules/@tanstack/query-core/build/modern/mutation.js:[2m113:40[22
m[39m
[90m [2mΓ¥»[22m src/test/hooks/useConsultations.test.tsx:[2m150:7[22m[39m

[31m[2mΓÄ»ΓÄ»ΓÄ»ΓÄ»ΓÄ»ΓÄ»ΓÄ»ΓÄ»ΓÄ»ΓÄ»ΓÄ»ΓÄ»ΓÄ»ΓÄ»ΓÄ»ΓÄ»ΓÄ»ΓÄ»ΓÄ»ΓÄ»ΓÄ»ΓÄ»ΓÄ»[
4/18]ΓÄ»[22m[39m

[41m[1m FAIL [22m[49m src/test/hooks/useConsultations.test.tsx[2m > 
[22museUpdateConsultation[2m > [22mupdates consultation by id
[31m[1mError[22m: You do not have permission to update consultations[39m
[36m [2mΓ¥»[22m Object.mutationFn 
src/hooks/useConsultations.ts:[2m455:15[22m[39m
    [90m453| [39m    mutationFn: async ({ id, ...updates }: 
Partial<Consultation> & { iΓÇª
    [90m454| [39m      [35mif[39m 
([33m![39m[34mhasPermission[39m(primaryRole[33m,[39m 
[32m'consultations:write'[39m)) {
    [90m455| [39m        throw new Error('You do not have permission to 
update consultaΓÇª
    [90m   | [39m              [31m^[39m
    [90m456| [39m      }
    [90m457| [39m
[90m [2mΓ¥»[22m Object.fn ../../../VS%20Code/AroCord-HIMS/care-harmony-hub/n
ode_modules/@tanstack/query-core/build/modern/mutation.js:[2m74:29[22m[39m
[90m [2mΓ¥»[22m run ../../../VS%20Code/AroCord-HIMS/care-harmony-hub/node_mo
dules/@tanstack/query-core/build/modern/retryer.js:[2m77:49[22m[39m
[90m [2mΓ¥»[22m Object.start ../../../VS%20Code/AroCord-HIMS/care-harmony-hu
b/node_modules/@tanstack/query-core/build/modern/retryer.js:[2m119:9[22m[39m
[90m [2mΓ¥»[22m Mutation.execute ../../../VS%20Code/AroCord-HIMS/care-harmon
y-hub/node_modules/@tanstack/query-core/build/modern/mutation.js:[2m113:40[22
m[39m
[90m [2mΓ¥»[22m src/test/hooks/useConsultations.test.tsx:[2m186:7[22m[39m

[31m[2mΓÄ»ΓÄ»ΓÄ»ΓÄ»ΓÄ»ΓÄ»ΓÄ»ΓÄ»ΓÄ»ΓÄ»ΓÄ»ΓÄ»ΓÄ»ΓÄ»ΓÄ»ΓÄ»ΓÄ»ΓÄ»ΓÄ»ΓÄ»ΓÄ»ΓÄ»ΓÄ»[
5/18]ΓÄ»[22m[39m

[41m[1m FAIL [22m[49m src/test/hooks/useLabOrders.test.tsx[2m > 
[22museUpdateLabOrder[2m > [22mupdates lab order by id
[31m[1mError[22m: You do not have permission to update lab orders[39m
[36m [2mΓ¥»[22m Object.mutationFn 
src/hooks/useLabOrders.ts:[2m110:15[22m[39m
    [90m108| [39m    mutationFn: async ({ id, updates }: { id: string; 
updates: LabOrdeΓÇª
    [90m109| [39m      [35mif[39m 
([33m![39m[34mhasPermission[39m(primaryRole[33m,[39m 
[32m'lab:write'[39m)) {
    [90m110| [39m        throw new Error('You do not have permission to 
update lab ordeΓÇª
    [90m   | [39m              [31m^[39m
    [90m111| [39m      }
    [90m112| [39m
[90m [2mΓ¥»[22m Object.fn ../../../VS%20Code/AroCord-HIMS/care-harmony-hub/n
ode_modules/@tanstack/query-core/build/modern/mutation.js:[2m74:29[22m[39m
[90m [2mΓ¥»[22m run ../../../VS%20Code/AroCord-HIMS/care-harmony-hub/node_mo
dules/@tanstack/query-core/build/modern/retryer.js:[2m77:49[22m[39m
[90m [2mΓ¥»[22m Object.start ../../../VS%20Code/AroCord-HIMS/care-harmony-hu
b/node_modules/@tanstack/query-core/build/modern/retryer.js:[2m119:9[22m[39m
[90m [2mΓ¥»[22m Mutation.execute ../../../VS%20Code/AroCord-HIMS/care-harmon
y-hub/node_modules/@tanstack/query-core/build/modern/mutation.js:[2m113:40[22
m[39m
[90m [2mΓ¥»[22m src/test/hooks/useLabOrders.test.tsx:[2m144:7[22m[39m

[31m[2mΓÄ»ΓÄ»ΓÄ»ΓÄ»ΓÄ»ΓÄ»ΓÄ»ΓÄ»ΓÄ»ΓÄ»ΓÄ»ΓÄ»ΓÄ»ΓÄ»ΓÄ»ΓÄ»ΓÄ»ΓÄ»ΓÄ»ΓÄ»ΓÄ»ΓÄ»ΓÄ»[
6/18]ΓÄ»[22m[39m

[41m[1m FAIL [22m[49m src/test/hooks/useLabOrders.test.tsx[2m > 
[22museCreateLabOrder[2m > [22minserts lab order and creates lab_queue entry
[31m[1mError[22m: You do not have permission to create lab orders[39m
[36m [2mΓ¥»[22m Object.mutationFn 
src/hooks/useLabOrders.ts:[2m153:15[22m[39m
    [90m151| [39m    mutationFn[33m:[39m [35masync[39m (order[33m:[39m 
[33mLabOrderInsert[39m) [33m=>[39m {
    [90m152| [39m      [35mif[39m 
([33m![39m[34mhasPermission[39m(primaryRole[33m,[39m 
[32m'lab:write'[39m)) {
    [90m153| [39m        throw new Error('You do not have permission to 
create lab ordeΓÇª
    [90m   | [39m              [31m^[39m
    [90m154| [39m      }
    [90m155| [39m
[90m [2mΓ¥»[22m Object.fn ../../../VS%20Code/AroCord-HIMS/care-harmony-hub/n
ode_modules/@tanstack/query-core/build/modern/mutation.js:[2m74:29[22m[39m
[90m [2mΓ¥»[22m run ../../../VS%20Code/AroCord-HIMS/care-harmony-hub/node_mo
dules/@tanstack/query-core/build/modern/retryer.js:[2m77:49[22m[39m
[90m [2mΓ¥»[22m Object.start ../../../VS%20Code/AroCord-HIMS/care-harmony-hu
b/node_modules/@tanstack/query-core/build/modern/retryer.js:[2m119:9[22m[39m
[90m [2mΓ¥»[22m Mutation.execute ../../../VS%20Code/AroCord-HIMS/care-harmon
y-hub/node_modules/@tanstack/query-core/build/modern/mutation.js:[2m113:40[22
m[39m
[90m [2mΓ¥»[22m src/test/hooks/useLabOrders.test.tsx:[2m172:7[22m[39m

[31m[2mΓÄ»ΓÄ»ΓÄ»ΓÄ»ΓÄ»ΓÄ»ΓÄ»ΓÄ»ΓÄ»ΓÄ»ΓÄ»ΓÄ»ΓÄ»ΓÄ»ΓÄ»ΓÄ»ΓÄ»ΓÄ»ΓÄ»ΓÄ»ΓÄ»ΓÄ»ΓÄ»[
7/18]ΓÄ»[22m[39m

[41m[1m FAIL [22m[49m src/test/hooks/usePatients.test.tsx[2m > 
[22museCreatePatient[2m > [22mcalls rpc generate_mrn then inserts patient 
with encryption_metadata
[31m[1mError[22m: You do not have permission to create patients[39m
[36m [2mΓ¥»[22m Object.mutationFn 
src/lib/hooks/patients/usePatients.ts:[2m169:15[22m[39m
    [90m167| [39m      [35mif[39m ([33m![39mhospital[33m?.[39mid) 
[35mthrow[39m [35mnew[39m [33mError[39m([32m'No hospital 
context'[39m)[33m;[39m
    [90m168| [39m      [35mif[39m 
([33m![39m[34mhasPermission[39m(primaryRole[33m,[39m 
[32m'patients:write'[39m)) {
    [90m169| [39m        throw new Error('You do not have permission to 
create patientsΓÇª
    [90m   | [39m              [31m^[39m
    [90m170| [39m      }
    [90m171| [39m
[90m [2mΓ¥»[22m Object.fn ../../../VS%20Code/AroCord-HIMS/care-harmony-hub/n
ode_modules/@tanstack/query-core/build/modern/mutation.js:[2m74:29[22m[39m
[90m [2mΓ¥»[22m run ../../../VS%20Code/AroCord-HIMS/care-harmony-hub/node_mo
dules/@tanstack/query-core/build/modern/retryer.js:[2m77:49[22m[39m
[90m [2mΓ¥»[22m Object.start ../../../VS%20Code/AroCord-HIMS/care-harmony-hu
b/node_modules/@tanstack/query-core/build/modern/retryer.js:[2m119:9[22m[39m
[90m [2mΓ¥»[22m Mutation.execute ../../../VS%20Code/AroCord-HIMS/care-harmon
y-hub/node_modules/@tanstack/query-core/build/modern/mutation.js:[2m113:40[22
m[39m
[90m [2mΓ¥»[22m src/test/hooks/usePatients.test.tsx:[2m131:7[22m[39m

[31m[2mΓÄ»ΓÄ»ΓÄ»ΓÄ»ΓÄ»ΓÄ»ΓÄ»ΓÄ»ΓÄ»ΓÄ»ΓÄ»ΓÄ»ΓÄ»ΓÄ»ΓÄ»ΓÄ»ΓÄ»ΓÄ»ΓÄ»ΓÄ»ΓÄ»ΓÄ»ΓÄ»[
8/18]ΓÄ»[22m[39m

[41m[1m FAIL [22m[49m src/test/hooks/usePrescriptions.test.tsx[2m > 
[22museCreatePrescription[2m > [22minserts prescription, items, and queue 
entry
[31m[1mError[22m: You do not have permission to create prescriptions[39m
[36m [2mΓ¥»[22m 
src/lib/hooks/pharmacy/usePrescriptions.ts:[2m192:19[22m[39m
    [90m190| [39m        [35masync[39m () [33m=>[39m {
    [90m191| [39m          [35mif[39m 
([33m![39m[34mhasPermission[39m(primaryRole[33m,[39m 
[32m'prescriptions:write'[39m)) {
    [90m192| [39m            throw new Error('You do not have permission to 
create presΓÇª
    [90m   | [39m                  [31m^[39m
    [90m193| [39m          }
    [90m194| [39m          if (!hospital?.id || !profile?.id) throw new 
Error('No hospiΓÇª
[90m [2mΓ¥»[22m src/hooks/useClinicalMetrics.ts:[2m70:30[22m[39m
[90m [2mΓ¥»[22m Object.mutationFn 
src/lib/hooks/pharmacy/usePrescriptions.ts:[2m184:14[22m[39m
[90m [2mΓ¥»[22m Object.fn ../../../VS%20Code/AroCord-HIMS/care-harmony-hub/n
ode_modules/@tanstack/query-core/build/modern/mutation.js:[2m74:29[22m[39m
[90m [2mΓ¥»[22m run ../../../VS%20Code/AroCord-HIMS/care-harmony-hub/node_mo
dules/@tanstack/query-core/build/modern/retryer.js:[2m77:49[22m[39m
[90m [2mΓ¥»[22m Object.start ../../../VS%20Code/AroCord-HIMS/care-harmony-hu
b/node_modules/@tanstack/query-core/build/modern/retryer.js:[2m119:9[22m[39m
[90m [2mΓ¥»[22m Mutation.execute ../../../VS%20Code/AroCord-HIMS/care-harmon
y-hub/node_modules/@tanstack/query-core/build/modern/mutation.js:[2m113:40[22
m[39m
[90m [2mΓ¥»[22m src/test/hooks/usePrescriptions.test.tsx:[2m133:7[22m[39m

[31m[2mΓÄ»ΓÄ»ΓÄ»ΓÄ»ΓÄ»ΓÄ»ΓÄ»ΓÄ»ΓÄ»ΓÄ»ΓÄ»ΓÄ»ΓÄ»ΓÄ»ΓÄ»ΓÄ»ΓÄ»ΓÄ»ΓÄ»ΓÄ»ΓÄ»ΓÄ»ΓÄ»[
9/18]ΓÄ»[22m[39m

[41m[1m FAIL [22m[49m src/test/hooks/usePrescriptions.test.tsx[2m > 
[22museDispensePrescription[2m > [22mupdates prescription status to 
dispensed and marks items dispensed
[31m[1mError[22m: You do not have permission to dispense prescriptions[39m
[36m [2mΓ¥»[22m Object.mutationFn 
src/lib/hooks/pharmacy/usePrescriptions.ts:[2m360:15[22m[39m
    [90m358| [39m    mutationFn[33m:[39m [35masync[39m 
(prescriptionId[33m:[39m string) [33m=>[39m {
    [90m359| [39m      [35mif[39m 
([33m![39m[34mhasPermission[39m(primaryRole[33m,[39m 
[32m'prescriptions:write'[39m)) {
    [90m360| [39m        throw new Error('You do not have permission to 
dispense prescrΓÇª
    [90m   | [39m              [31m^[39m
    [90m361| [39m      }
    [90m362| [39m      if (!profile?.id || !hospital?.id) throw new 
Error('No profile/hΓÇª
[90m [2mΓ¥»[22m Object.fn ../../../VS%20Code/AroCord-HIMS/care-harmony-hub/n
ode_modules/@tanstack/query-core/build/modern/mutation.js:[2m74:29[22m[39m
[90m [2mΓ¥»[22m run ../../../VS%20Code/AroCord-HIMS/care-harmony-hub/node_mo
dules/@tanstack/query-core/build/modern/retryer.js:[2m77:49[22m[39m
[90m [2mΓ¥»[22m Object.start ../../../VS%20Code/AroCord-HIMS/care-harmony-hu
b/node_modules/@tanstack/query-core/build/modern/retryer.js:[2m119:9[22m[39m
[90m [2mΓ¥»[22m Mutation.execute ../../../VS%20Code/AroCord-HIMS/care-harmon
y-hub/node_modules/@tanstack/query-core/build/modern/mutation.js:[2m113:40[22
m[39m
[90m [2mΓ¥»[22m src/test/hooks/usePrescriptions.test.tsx:[2m192:7[22m[39m

[31m[2mΓÄ»ΓÄ»ΓÄ»ΓÄ»ΓÄ»ΓÄ»ΓÄ»ΓÄ»ΓÄ»ΓÄ»ΓÄ»ΓÄ»ΓÄ»ΓÄ»ΓÄ»ΓÄ»ΓÄ»ΓÄ»ΓÄ»ΓÄ»ΓÄ»ΓÄ»[10/
18]ΓÄ»[22m[39m

[41m[1m FAIL [22m[49m src/test/hooks/useUnifiedCheckIn.test.ts[2m > 
[22museUnifiedCheckIn ΓÇö WF-01 error handling[2m > [22mreturns null and 
shows toast.error when checkInAppointment fails
[31m[1mAssertionError[22m: expected "vi.fn()" to be called with arguments: 
[ StringContaining{ΓÇª} ][90m

Received: 

[1m  1st vi.fn() call:

[22m[2m  [[22m
[32m-   StringContaining "Appointment not found",[90m
[31m+   "Failed to check in: invalid input syntax for type uuid: 
\"appt-1\"",[90m
[2m  ][22m

[1m  2nd vi.fn() call:

[22m[2m  [[22m
[32m-   StringContaining "Appointment not found",[90m
[31m+   "Failed to check in patient: invalid input syntax for type uuid: 
\"appt-1\"",[90m
[2m  ][22m
[31m[90m

Number of calls: [1m2[22m
[31m[39m
[36m [2mΓ¥»[22m src/test/hooks/useUnifiedCheckIn.test.ts:[2m88:25[22m[39m
    [90m 86| [39m
    [90m 87| [39m    
[34mexpect[39m(returnValue)[33m.[39m[34mtoBeNull[39m()[33m;[39m
    [90m 88| [39m    [34mexpect[39m(toast[33m.[39merror)[33m.[39m[34mt
oHaveBeenCalledWith[39m(
    [90m   | [39m                        [31m^[39m
    [90m 89| [39m      
expect[33m.[39m[34mstringContaining[39m([32m'Appointment not found'[39m)
    [90m 90| [39m    )[33m;[39m

[31m[2mΓÄ»ΓÄ»ΓÄ»ΓÄ»ΓÄ»ΓÄ»ΓÄ»ΓÄ»ΓÄ»ΓÄ»ΓÄ»ΓÄ»ΓÄ»ΓÄ»ΓÄ»ΓÄ»ΓÄ»ΓÄ»ΓÄ»ΓÄ»ΓÄ»ΓÄ»[11/
18]ΓÄ»[22m[39m

[41m[1m FAIL [22m[49m src/test/hooks/useUnifiedCheckIn.test.ts[2m > 
[22museUnifiedCheckIn ΓÇö WF-01 error handling[2m > [22mreturns null and 
shows toast.error when walk-in queue fails
[31m[1mTypeError[22m: Cannot read properties of null (reading 
'checkIn')[39m
[36m [2mΓ¥»[22m 
src/test/hooks/useUnifiedCheckIn.test.ts:[2m112:42[22m[39m
    [90m110| [39m    [35mlet[39m returnValue[33m:[39m number [33m|[39m 
[35mnull[39m [33m|[39m undefined[33m;[39m
    [90m111| [39m    [35mawait[39m [34mact[39m([35masync[39m () 
[33m=>[39m {
    [90m112| [39m      returnValue = await result.current.checkIn({ patient, 
isWalkIn: ΓÇª
    [90m   | [39m                                         [31m^[39m
    [90m113| [39m    })[33m;[39m
    [90m114| [39m
[90m [2mΓ¥»[22m 
node_modules/@testing-library/react/dist/act-compat.js:[2m47:24[22m[39m
[90m [2mΓ¥»[22m act 
node_modules/react/cjs/react.development.js:[2m2512:16[22m[39m
[90m [2mΓ¥»[22m Proxy.<anonymous> 
node_modules/@testing-library/react/dist/act-compat.js:[2m46:25[22m[39m
[90m [2mΓ¥»[22m 
src/test/hooks/useUnifiedCheckIn.test.ts:[2m111:11[22m[39m

[31m[2mΓÄ»ΓÄ»ΓÄ»ΓÄ»ΓÄ»ΓÄ»ΓÄ»ΓÄ»ΓÄ»ΓÄ»ΓÄ»ΓÄ»ΓÄ»ΓÄ»ΓÄ»ΓÄ»ΓÄ»ΓÄ»ΓÄ»ΓÄ»ΓÄ»ΓÄ»[12/
18]ΓÄ»[22m[39m

[41m[1m FAIL [22m[49m src/test/hooks/useUnifiedCheckIn.test.ts[2m > 
[22museUnifiedCheckIn ΓÇö WF-01 error handling[2m > [22mdoes not call 
triggerWorkflow when checkIn throws
[31m[1mTypeError[22m: Cannot read properties of null (reading 
'checkIn')[39m
[36m [2mΓ¥»[22m 
src/test/hooks/useUnifiedCheckIn.test.ts:[2m127:28[22m[39m
    [90m125| [39m
    [90m126| [39m    [35mawait[39m [34mact[39m([35masync[39m () 
[33m=>[39m {
    [90m127| [39m      await result.current.checkIn({ patient, 
appointmentId: 'appt-3' ΓÇª
    [90m   | [39m                           [31m^[39m
    [90m128| [39m    })[33m;[39m
    [90m129| [39m
[90m [2mΓ¥»[22m 
node_modules/@testing-library/react/dist/act-compat.js:[2m47:24[22m[39m
[90m [2mΓ¥»[22m act 
node_modules/react/cjs/react.development.js:[2m2512:16[22m[39m
[90m [2mΓ¥»[22m Proxy.<anonymous> 
node_modules/@testing-library/react/dist/act-compat.js:[2m46:25[22m[39m
[90m [2mΓ¥»[22m 
src/test/hooks/useUnifiedCheckIn.test.ts:[2m126:11[22m[39m

[31m[2mΓÄ»ΓÄ»ΓÄ»ΓÄ»ΓÄ»ΓÄ»ΓÄ»ΓÄ»ΓÄ»ΓÄ»ΓÄ»ΓÄ»ΓÄ»ΓÄ»ΓÄ»ΓÄ»ΓÄ»ΓÄ»ΓÄ»ΓÄ»ΓÄ»ΓÄ»[13/
18]ΓÄ»[22m[39m

[41m[1m FAIL [22m[49m src/test/hooks/useUnifiedCheckIn.test.ts[2m > 
[22museUnifiedCheckIn ΓÇö WF-02 priority type safety[2m > [22mmaps standard 
priority "normal" through correctly
[31m[1mTypeError[22m: Cannot read properties of null (reading 
'checkIn')[39m
[36m [2mΓ¥»[22m 
src/test/hooks/useUnifiedCheckIn.test.ts:[2m149:28[22m[39m
    [90m147| [39m
    [90m148| [39m    [35mawait[39m [34mact[39m([35masync[39m () 
[33m=>[39m {
    [90m149| [39m      await result.current.checkIn({ patient, 
appointmentId: 'appt-4',ΓÇª
    [90m   | [39m                           [31m^[39m
    [90m150| [39m    })[33m;[39m
    [90m151| [39m
[90m [2mΓ¥»[22m 
node_modules/@testing-library/react/dist/act-compat.js:[2m47:24[22m[39m
[90m [2mΓ¥»[22m act 
node_modules/react/cjs/react.development.js:[2m2512:16[22m[39m
[90m [2mΓ¥»[22m Proxy.<anonymous> 
node_modules/@testing-library/react/dist/act-compat.js:[2m46:25[22m[39m
[90m [2mΓ¥»[22m 
src/test/hooks/useUnifiedCheckIn.test.ts:[2m148:11[22m[39m

[31m[2mΓÄ»ΓÄ»ΓÄ»ΓÄ»ΓÄ»ΓÄ»ΓÄ»ΓÄ»ΓÄ»ΓÄ»ΓÄ»ΓÄ»ΓÄ»ΓÄ»ΓÄ»ΓÄ»ΓÄ»ΓÄ»ΓÄ»ΓÄ»ΓÄ»ΓÄ»[14/
18]ΓÄ»[22m[39m

[41m[1m FAIL [22m[49m src/test/hooks/useUnifiedCheckIn.test.ts[2m > 
[22museUnifiedCheckIn ΓÇö WF-02 priority type safety[2m > [22mmaps 
"emergency" priority to "urgent" (not passed as raw "emergency")
[31m[1mTypeError[22m: Cannot read properties of null (reading 
'checkIn')[39m
[36m [2mΓ¥»[22m 
src/test/hooks/useUnifiedCheckIn.test.ts:[2m163:28[22m[39m
    [90m161| [39m
    [90m162| [39m    [35mawait[39m [34mact[39m([35masync[39m () 
[33m=>[39m {
    [90m163| [39m      await result.current.checkIn({ patient, 
appointmentId: 'appt-5',ΓÇª
    [90m   | [39m                           [31m^[39m
    [90m164| [39m    })[33m;[39m
    [90m165| [39m
[90m [2mΓ¥»[22m 
node_modules/@testing-library/react/dist/act-compat.js:[2m47:24[22m[39m
[90m [2mΓ¥»[22m act 
node_modules/react/cjs/react.development.js:[2m2512:16[22m[39m
[90m [2mΓ¥»[22m Proxy.<anonymous> 
node_modules/@testing-library/react/dist/act-compat.js:[2m46:25[22m[39m
[90m [2mΓ¥»[22m 
src/test/hooks/useUnifiedCheckIn.test.ts:[2m162:11[22m[39m

[31m[2mΓÄ»ΓÄ»ΓÄ»ΓÄ»ΓÄ»ΓÄ»ΓÄ»ΓÄ»ΓÄ»ΓÄ»ΓÄ»ΓÄ»ΓÄ»ΓÄ»ΓÄ»ΓÄ»ΓÄ»ΓÄ»ΓÄ»ΓÄ»ΓÄ»ΓÄ»[15/
18]ΓÄ»[22m[39m

[41m[1m FAIL [22m[49m src/test/hooks/useUnifiedCheckIn.test.ts[2m > 
[22museUnifiedCheckIn ΓÇö WF-02 priority type safety[2m > [22mmaps unknown 
priority to "normal"
[31m[1mTypeError[22m: Cannot read properties of null (reading 
'checkIn')[39m
[36m [2mΓ¥»[22m 
src/test/hooks/useUnifiedCheckIn.test.ts:[2m177:28[22m[39m
    [90m175| [39m
    [90m176| [39m    [35mawait[39m [34mact[39m([35masync[39m () 
[33m=>[39m {
    [90m177| [39m      await result.current.checkIn({ patient, 
appointmentId: 'appt-6' ΓÇª
    [90m   | [39m                           [31m^[39m
    [90m178| [39m    })[33m;[39m
    [90m179| [39m
[90m [2mΓ¥»[22m 
node_modules/@testing-library/react/dist/act-compat.js:[2m47:24[22m[39m
[90m [2mΓ¥»[22m act 
node_modules/react/cjs/react.development.js:[2m2512:16[22m[39m
[90m [2mΓ¥»[22m Proxy.<anonymous> 
node_modules/@testing-library/react/dist/act-compat.js:[2m46:25[22m[39m
[90m [2mΓ¥»[22m 
src/test/hooks/useUnifiedCheckIn.test.ts:[2m176:11[22m[39m

[31m[2mΓÄ»ΓÄ»ΓÄ»ΓÄ»ΓÄ»ΓÄ»ΓÄ»ΓÄ»ΓÄ»ΓÄ»ΓÄ»ΓÄ»ΓÄ»ΓÄ»ΓÄ»ΓÄ»ΓÄ»ΓÄ»ΓÄ»ΓÄ»ΓÄ»ΓÄ»[16/
18]ΓÄ»[22m[39m

[41m[1m FAIL [22m[49m src/test/hooks/useUnifiedCheckIn.test.ts[2m > 
[22museUnifiedCheckIn ΓÇö WF-02 priority type safety[2m > [22mtriggers 
workflow with priority "high" for a high-priority walk-in
[31m[1mTypeError[22m: Cannot read properties of null (reading 
'checkIn')[39m
[36m [2mΓ¥»[22m 
src/test/hooks/useUnifiedCheckIn.test.ts:[2m190:28[22m[39m
    [90m188| [39m
    [90m189| [39m    [35mawait[39m [34mact[39m([35masync[39m () 
[33m=>[39m {
    [90m190| [39m      await result.current.checkIn({ patient, priority: 
'high', isWalkΓÇª
    [90m   | [39m                           [31m^[39m
    [90m191| [39m    })[33m;[39m
    [90m192| [39m
[90m [2mΓ¥»[22m 
node_modules/@testing-library/react/dist/act-compat.js:[2m47:24[22m[39m
[90m [2mΓ¥»[22m act 
node_modules/react/cjs/react.development.js:[2m2512:16[22m[39m
[90m [2mΓ¥»[22m Proxy.<anonymous> 
node_modules/@testing-library/react/dist/act-compat.js:[2m46:25[22m[39m
[90m [2mΓ¥»[22m 
src/test/hooks/useUnifiedCheckIn.test.ts:[2m189:11[22m[39m

[31m[2mΓÄ»ΓÄ»ΓÄ»ΓÄ»ΓÄ»ΓÄ»ΓÄ»ΓÄ»ΓÄ»ΓÄ»ΓÄ»ΓÄ»ΓÄ»ΓÄ»ΓÄ»ΓÄ»ΓÄ»ΓÄ»ΓÄ»ΓÄ»ΓÄ»ΓÄ»[17/
18]ΓÄ»[22m[39m

[41m[1m FAIL [22m[49m src/test/hooks/useUnifiedCheckIn.test.tsx[2m > 
[22museUnifiedCheckIn[2m > [22mreturns null and shows toast when 
appointment check-in fails
[31m[1mAssertionError[22m: expected "vi.fn()" to be called with arguments: 
[ Array(1) ][90m

Received: 

[1m  1st vi.fn() call:

[22m[2m  [[22m
[32m-   "Failed to check in patient: Check-in failed",[90m
[31m+   "Failed to check in: Cannot coerce the result to a single JSON 
object",[90m
[2m  ][22m

[1m  2nd vi.fn() call:

[22m[2m  [[22m
[32m-   "Failed to check in patient: Check-in failed",[90m
[31m+   "Failed to check in patient: Cannot coerce the result to a single 
JSON object",[90m
[2m  ][22m
[31m[90m

Number of calls: [1m2[22m
[31m[39m
[36m [2mΓ¥»[22m 
src/test/hooks/useUnifiedCheckIn.test.tsx:[2m74:24[22m[39m
    [90m 72| [39m
    [90m 73| [39m    
[34mexpect[39m(response)[33m.[39m[34mtoBeNull[39m()[33m;[39m
    [90m 74| [39m    expect(toastError).toHaveBeenCalledWith('Failed to 
check in patienΓÇª
    [90m   | [39m                       [31m^[39m
    [90m 75| [39m    [34mexpect[39m(mockTriggerWorkflow)[33m.[39mnot[33m
.[39m[34mtoHaveBeenCalled[39m()[33m;[39m
    [90m 76| [39m  })[33m;[39m

[31m[2mΓÄ»ΓÄ»ΓÄ»ΓÄ»ΓÄ»ΓÄ»ΓÄ»ΓÄ»ΓÄ»ΓÄ»ΓÄ»ΓÄ»ΓÄ»ΓÄ»ΓÄ»ΓÄ»ΓÄ»ΓÄ»ΓÄ»ΓÄ»ΓÄ»ΓÄ»[18/
18]ΓÄ»[22m[39m


[2m Test Files [22m [1m[31m7 failed[39m[22m[2m | [22m[1m[32m44 passed[39m[22m[2m | [22m[33m1 skipped[39m[90m (52)[39m
[2m      Tests [22m [1m[31m18 failed[39m[22m[2m | [22m[1m[32m477 passed[39m[22m[2m | [22m[33m4 skipped[39m[90m (499)[39m
[2m   Start at [22m 16:21:12
[2m   Duration [22m 53.77s[2m (transform 13.24s, setup 25.83s, import 68.05s, tests 29.84s, environment 188.09s)[22m

